Archive member included to satisfy reference by file (symbol)

c:/nxp/mcuxpressoide_10.2.1_795/ide/tools/bin/../lib/gcc/arm-none-eabi/7.2.1/../../../../arm-none-eabi/lib/thumb/v6-m\libc_nano.a(lib_a-exit.o)
                              c:/nxp/mcuxpressoide_10.2.1_795/ide/tools/bin/../lib/gcc/arm-none-eabi/7.2.1/../../../../arm-none-eabi/lib/thumb/v6-m/crt0.o (exit)
c:/nxp/mcuxpressoide_10.2.1_795/ide/tools/bin/../lib/gcc/arm-none-eabi/7.2.1/../../../../arm-none-eabi/lib/thumb/v6-m\libc_nano.a(lib_a-impure.o)
                              c:/nxp/mcuxpressoide_10.2.1_795/ide/tools/bin/../lib/gcc/arm-none-eabi/7.2.1/../../../../arm-none-eabi/lib/thumb/v6-m\libc_nano.a(lib_a-exit.o) (_global_impure_ptr)
c:/nxp/mcuxpressoide_10.2.1_795/ide/tools/bin/../lib/gcc/arm-none-eabi/7.2.1/../../../../arm-none-eabi/lib/thumb/v6-m\libc_nano.a(lib_a-init.o)
                              c:/nxp/mcuxpressoide_10.2.1_795/ide/tools/bin/../lib/gcc/arm-none-eabi/7.2.1/../../../../arm-none-eabi/lib/thumb/v6-m/crt0.o (__libc_init_array)
c:/nxp/mcuxpressoide_10.2.1_795/ide/tools/bin/../lib/gcc/arm-none-eabi/7.2.1/../../../../arm-none-eabi/lib/thumb/v6-m\libc_nano.a(lib_a-memcpy-stub.o)
                              build/usbd_custom_hid_if.o (memcpy)
c:/nxp/mcuxpressoide_10.2.1_795/ide/tools/bin/../lib/gcc/arm-none-eabi/7.2.1/../../../../arm-none-eabi/lib/thumb/v6-m\libc_nano.a(lib_a-memset.o)
                              c:/nxp/mcuxpressoide_10.2.1_795/ide/tools/bin/../lib/gcc/arm-none-eabi/7.2.1/../../../../arm-none-eabi/lib/thumb/v6-m/crt0.o (memset)
c:/nxp/mcuxpressoide_10.2.1_795/ide/tools/bin/../lib/gcc/arm-none-eabi/7.2.1/../../../../arm-none-eabi/lib/thumb/v6-m\libc_nano.a(lib_a-sprintf.o)
                              build/DAP.o (sprintf)
c:/nxp/mcuxpressoide_10.2.1_795/ide/tools/bin/../lib/gcc/arm-none-eabi/7.2.1/../../../../arm-none-eabi/lib/thumb/v6-m\libc_nano.a(lib_a-strlen.o)
                              build/DAP.o (strlen)
c:/nxp/mcuxpressoide_10.2.1_795/ide/tools/bin/../lib/gcc/arm-none-eabi/7.2.1/../../../../arm-none-eabi/lib/thumb/v6-m\libc_nano.a(lib_a-nano-svfprintf.o)
                              c:/nxp/mcuxpressoide_10.2.1_795/ide/tools/bin/../lib/gcc/arm-none-eabi/7.2.1/../../../../arm-none-eabi/lib/thumb/v6-m\libc_nano.a(lib_a-sprintf.o) (_svfprintf_r)
c:/nxp/mcuxpressoide_10.2.1_795/ide/tools/bin/../lib/gcc/arm-none-eabi/7.2.1/../../../../arm-none-eabi/lib/thumb/v6-m\libc_nano.a(lib_a-nano-vfprintf_i.o)
                              c:/nxp/mcuxpressoide_10.2.1_795/ide/tools/bin/../lib/gcc/arm-none-eabi/7.2.1/../../../../arm-none-eabi/lib/thumb/v6-m\libc_nano.a(lib_a-nano-svfprintf.o) (_printf_i)
c:/nxp/mcuxpressoide_10.2.1_795/ide/tools/bin/../lib/gcc/arm-none-eabi/7.2.1/../../../../arm-none-eabi/lib/thumb/v6-m\libc_nano.a(lib_a-memchr-stub.o)
                              c:/nxp/mcuxpressoide_10.2.1_795/ide/tools/bin/../lib/gcc/arm-none-eabi/7.2.1/../../../../arm-none-eabi/lib/thumb/v6-m\libc_nano.a(lib_a-nano-svfprintf.o) (memchr)
c:/nxp/mcuxpressoide_10.2.1_795/ide/tools/bin/../lib/gcc/arm-none-eabi/7.2.1/../../../../arm-none-eabi/lib/thumb/v6-m\libc_nano.a(lib_a-memmove.o)
                              c:/nxp/mcuxpressoide_10.2.1_795/ide/tools/bin/../lib/gcc/arm-none-eabi/7.2.1/../../../../arm-none-eabi/lib/thumb/v6-m\libc_nano.a(lib_a-nano-svfprintf.o) (memmove)
c:/nxp/mcuxpressoide_10.2.1_795/ide/tools/bin/../lib/gcc/arm-none-eabi/7.2.1/../../../../arm-none-eabi/lib/thumb/v6-m\libc_nano.a(lib_a-nano-freer.o)
                              c:/nxp/mcuxpressoide_10.2.1_795/ide/tools/bin/../lib/gcc/arm-none-eabi/7.2.1/../../../../arm-none-eabi/lib/thumb/v6-m\libc_nano.a(lib_a-nano-svfprintf.o) (_free_r)
c:/nxp/mcuxpressoide_10.2.1_795/ide/tools/bin/../lib/gcc/arm-none-eabi/7.2.1/../../../../arm-none-eabi/lib/thumb/v6-m\libc_nano.a(lib_a-nano-mallocr.o)
                              c:/nxp/mcuxpressoide_10.2.1_795/ide/tools/bin/../lib/gcc/arm-none-eabi/7.2.1/../../../../arm-none-eabi/lib/thumb/v6-m\libc_nano.a(lib_a-nano-svfprintf.o) (_malloc_r)
c:/nxp/mcuxpressoide_10.2.1_795/ide/tools/bin/../lib/gcc/arm-none-eabi/7.2.1/../../../../arm-none-eabi/lib/thumb/v6-m\libc_nano.a(lib_a-nano-reallocr.o)
                              c:/nxp/mcuxpressoide_10.2.1_795/ide/tools/bin/../lib/gcc/arm-none-eabi/7.2.1/../../../../arm-none-eabi/lib/thumb/v6-m\libc_nano.a(lib_a-nano-svfprintf.o) (_realloc_r)
c:/nxp/mcuxpressoide_10.2.1_795/ide/tools/bin/../lib/gcc/arm-none-eabi/7.2.1/../../../../arm-none-eabi/lib/thumb/v6-m\libc_nano.a(lib_a-sbrkr.o)
                              c:/nxp/mcuxpressoide_10.2.1_795/ide/tools/bin/../lib/gcc/arm-none-eabi/7.2.1/../../../../arm-none-eabi/lib/thumb/v6-m\libc_nano.a(lib_a-nano-mallocr.o) (_sbrk_r)
c:/nxp/mcuxpressoide_10.2.1_795/ide/tools/bin/../lib/gcc/arm-none-eabi/7.2.1/../../../../arm-none-eabi/lib/thumb/v6-m\libc_nano.a(lib_a-mlock.o)
[...]
Memory Configuration

Name             Origin             Length             Attributes
RAM              0x20000000         0x00001800         xrw
FLASH            0x08000000         0x00008000         xr
*default*        0x00000000         0xffffffff

Linker script and memory map

LOAD c:/nxp/mcuxpressoide_10.2.1_795/ide/tools/bin/../lib/gcc/arm-none-eabi/7.2.1/thumb/v6-m/crti.o
LOAD c:/nxp/mcuxpressoide_10.2.1_795/ide/tools/bin/../lib/gcc/arm-none-eabi/7.2.1/thumb/v6-m/crtbegin.o
LOAD c:/nxp/mcuxpressoide_10.2.1_795/ide/tools/bin/../lib/gcc/arm-none-eabi/7.2.1/../../../../arm-none-eabi/lib/thumb/v6-m/crt0.o
LOAD build/main.o
LOAD build/usb_device.o
LOAD build/usbd_conf.o
LOAD build/usbd_desc.o
LOAD build/usbd_custom_hid_if.o
LOAD build/stm32f0xx_it.o
LOAD build/stm32f0xx_hal_msp.o
LOAD build/CMSIS_Driver_USART.o
LOAD build/stm32f0xx_hal_pcd.o
LOAD build/stm32f0xx_hal_pcd_ex.o
LOAD build/stm32f0xx_hal_tim.o
LOAD build/stm32f0xx_hal_tim_ex.o
LOAD build/stm32f0xx_hal_uart.o
LOAD build/stm32f0xx_hal_uart_ex.o
LOAD build/stm32f0xx_hal_rcc.o
LOAD build/stm32f0xx_hal_rcc_ex.o
LOAD build/stm32f0xx_hal.o
LOAD build/stm32f0xx_hal_i2c.o
LOAD build/stm32f0xx_hal_i2c_ex.o
LOAD build/stm32f0xx_hal_gpio.o
LOAD build/stm32f0xx_hal_dma.o
LOAD build/stm32f0xx_hal_cortex.o
LOAD build/stm32f0xx_hal_pwr.o
LOAD build/stm32f0xx_hal_pwr_ex.o
LOAD build/stm32f0xx_hal_flash.o
LOAD build/stm32f0xx_hal_flash_ex.o
LOAD build/system_stm32f0xx.o
LOAD build/usbd_core.o
LOAD build/usbd_ctlreq.o
LOAD build/usbd_ioreq.o
LOAD build/usbd_customhid.o
LOAD build/DAP.o
LOAD build/DAP_vendor.o
LOAD build/JTAG_DP.o
LOAD build/SW_DP.o
LOAD build/SWO.o
LOAD build/startup_stm32f070x6.o
LOAD c:/nxp/mcuxpressoide_10.2.1_795/ide/tools/bin/../lib/gcc/arm-none-eabi/7.2.1/../../../../arm-none-eabi/lib/thumb/v6-m\libc_nano.a
LOAD c:/nxp/mcuxpressoide_10.2.1_795/ide/tools/bin/../lib/gcc/arm-none-eabi/7.2.1/../../../../arm-none-eabi/lib/thumb/v6-m\libm.a
LOAD c:/nxp/mcuxpressoide_10.2.1_795/ide/tools/bin/../lib/gcc/arm-none-eabi/7.2.1/../../../../arm-none-eabi/lib/thumb/v6-m\libnosys.a
START GROUP
LOAD c:/nxp/mcuxpressoide_10.2.1_795/ide/tools/bin/../lib/gcc/arm-none-eabi/7.2.1/thumb/v6-m\libgcc.a
LOAD c:/nxp/mcuxpressoide_10.2.1_795/ide/tools/bin/../lib/gcc/arm-none-eabi/7.2.1/../../../../arm-none-eabi/lib/thumb/v6-m\libc_nano.a
END GROUP
START GROUP
LOAD c:/nxp/mcuxpressoide_10.2.1_795/ide/tools/bin/../lib/gcc/arm-none-eabi/7.2.1/thumb/v6-m\libgcc.a
LOAD c:/nxp/mcuxpressoide_10.2.1_795/ide/tools/bin/../lib/gcc/arm-none-eabi/7.2.1/../../../../arm-none-eabi/lib/thumb/v6-m\libc_nano.a
END GROUP
LOAD c:/nxp/mcuxpressoide_10.2.1_795/ide/tools/bin/../lib/gcc/arm-none-eabi/7.2.1/thumb/v6-m/crtend.o
LOAD c:/nxp/mcuxpressoide_10.2.1_795/ide/tools/bin/../lib/gcc/arm-none-eabi/7.2.1/thumb/v6-m/crtn.o
                0x20001800                _estack = 0x20001800
                0x00000010                _Min_Heap_Size = 0x10
                0x00000400                _Min_Stack_Size = 0x400

.isr_vector     0x08000000       0xc0
                0x08000000                . = ALIGN (0x4)
 *(.isr_vector)
 .isr_vector    0x08000000       0xc0 build/startup_stm32f070x6.o
                0x08000000                g_pfnVectors
                0x080000c0                . = ALIGN (0x4)

.text           0x080000c0     0x74c4
                0x080000c0                . = ALIGN (0x4)
 *(.text)
 .text          0x080000c0       0x48 c:/nxp/mcuxpressoide_10.2.1_795/ide/tools/bin/../lib/gcc/arm-none-eabi/7.2.1/thumb/v6-m/crtbegin.o
 .text          0x08000108        0xe c:/nxp/mcuxpressoide_10.2.1_795/ide/tools/bin/../lib/gcc/arm-none-eabi/7.2.1/../../../../arm-none-eabi/lib/thumb/v6-m\libc_nano.a(lib_a-strlen.o)
                0x08000108                strlen
 *fill*         0x08000116        0x2 
 .text          0x08000118      0x114 c:/nxp/mcuxpressoide_10.2.1_795/ide/tools/bin/../lib/gcc/arm-none-eabi/7.2.1/thumb/v6-m\libgcc.a(_udivsi3.o)
                0x08000118                __aeabi_uidiv
                0x08000118                __udivsi3
                0x08000224                __aeabi_uidivmod
 .text          0x0800022c        0x4 c:/nxp/mcuxpressoide_10.2.1_795/ide/tools/bin/../lib/gcc/arm-none-eabi/7.2.1/thumb/v6-m\libgcc.a(_dvmd_tls.o)
                0x0800022c                __aeabi_idiv0
                0x0800022c                __aeabi_ldiv0
 *(.text*)
 .text.SystemClock_Config
                0x08000230       0x7c build/main.o
                0x08000230                SystemClock_Config
 .text.startup.main
                0x080002ac      0x200 build/main.o
                0x080002ac                main
 .text.Error_Handler
                0x080004ac        0x4 build/main.o
                0x080004ac                Error_Handler
 .text.MX_USB_DEVICE_Init
                0x080004b0       0x5c build/usb_device.o
                0x080004b0                MX_USB_DEVICE_Init
 .text.HAL_PCD_MspInit
                0x0800050c       0x40 build/usbd_conf.o
                0x0800050c                HAL_PCD_MspInit
 .text.HAL_PCD_SetupStageCallback
                0x0800054c       0x14 build/usbd_conf.o
                0x0800054c                HAL_PCD_SetupStageCallback
 .text.HAL_PCD_DataOutStageCallback
                0x08000560       0x1c build/usbd_conf.o
                0x08000560                HAL_PCD_DataOutStageCallback
 .text.HAL_PCD_DataInStageCallback
                0x0800057c       0x18 build/usbd_conf.o
                0x0800057c                HAL_PCD_DataInStageCallback
 .text.HAL_PCD_SOFCallback
                0x08000594       0x10 build/usbd_conf.o
                0x08000594                HAL_PCD_SOFCallback
 .text.HAL_PCD_ResetCallback
                0x080005a4       0x24 build/usbd_conf.o
                0x080005a4                HAL_PCD_ResetCallback
 .text.HAL_PCD_SuspendCallback
                0x080005c8       0x24 build/usbd_conf.o
                0x080005c8                HAL_PCD_SuspendCallback
 .text.HAL_PCD_ResumeCallback
                0x080005ec       0x28 build/usbd_conf.o
                0x080005ec                HAL_PCD_ResumeCallback
 .text.USBD_LL_Init
                0x08000614       0x74 build/usbd_conf.o
                0x08000614                USBD_LL_Init
 .text.USBD_LL_Start
                0x08000688       0x20 build/usbd_conf.o
                0x08000688                USBD_LL_Start
 .text.USBD_LL_OpenEP
                0x080006a8       0x24 build/usbd_conf.o
                0x080006a8                USBD_LL_OpenEP
 .text.USBD_LL_CloseEP
                0x080006cc       0x20 build/usbd_conf.o
                0x080006cc                USBD_LL_CloseEP
 .text.USBD_LL_StallEP
                0x080006ec       0x20 build/usbd_conf.o
                0x080006ec                USBD_LL_StallEP
 .text.USBD_LL_ClearStallEP
                0x0800070c       0x20 build/usbd_conf.o
                0x0800070c                USBD_LL_ClearStallEP
 .text.USBD_LL_IsStallEP
                0x0800072c       0x30 build/usbd_conf.o
                0x0800072c                USBD_LL_IsStallEP
 .text.USBD_LL_SetUSBAddress
                0x0800075c       0x20 build/usbd_conf.o
                0x0800075c                USBD_LL_SetUSBAddress
 .text.USBD_LL_Transmit
                0x0800077c       0x20 build/usbd_conf.o
                0x0800077c                USBD_LL_Transmit
 .text.USBD_LL_PrepareReceive
                0x0800079c       0x20 build/usbd_conf.o
                0x0800079c                USBD_LL_PrepareReceive
 .text.USBD_static_malloc
                0x080007bc        0x8 build/usbd_conf.o
                0x080007bc                USBD_static_malloc
 .text.USBD_static_free
                0x080007c4        0x4 build/usbd_conf.o
                0x080007c4                USBD_static_free
 .text.USBD_FS_DeviceDescriptor
                0x080007c8        0xc build/usbd_desc.o
                0x080007c8                USBD_FS_DeviceDescriptor
 .text.USBD_FS_LangIDStrDescriptor
                0x080007d4        0xc build/usbd_desc.o
                0x080007d4                USBD_FS_LangIDStrDescriptor
 .text.IntToUnicode
                0x080007e0       0x38 build/usbd_desc.o
 .text.USBD_FS_SerialStrDescriptor
                0x08000818       0x48 build/usbd_desc.o
                0x08000818                USBD_FS_SerialStrDescriptor
 .text.USBD_FS_ManufacturerStrDescriptor
                0x08000860       0x1c build/usbd_desc.o
                0x08000860                USBD_FS_ManufacturerStrDescriptor
 .text.USBD_FS_ProductStrDescriptor
                0x0800087c       0x1c build/usbd_desc.o
                0x0800087c                USBD_FS_ProductStrDescriptor
 .text.USBD_FS_ConfigStrDescriptor
                0x08000898       0x1c build/usbd_desc.o
                0x08000898                USBD_FS_ConfigStrDescriptor
 .text.USBD_FS_InterfaceStrDescriptor
                0x080008b4       0x1c build/usbd_desc.o
                0x080008b4                USBD_FS_InterfaceStrDescriptor
 .text.CUSTOM_HID_Init_FS
                0x080008d0       0x10 build/usbd_custom_hid_if.o
 .text.CUSTOM_HID_DeInit_FS
                0x080008e0        0x4 build/usbd_custom_hid_if.o
 .text.CUSTOM_HID_OutEvent_FS
                0x080008e4       0x60 build/usbd_custom_hid_if.o
 .text.NMI_Handler
                0x08000944        0x4 build/stm32f0xx_it.o
                0x08000944                NMI_Handler
 .text.HardFault_Handler
                0x08000948        0x4 build/stm32f0xx_it.o
                0x08000948                HardFault_Handler
 .text.SVC_Handler
                0x0800094c        0x4 build/stm32f0xx_it.o
                0x0800094c                SVC_Handler
 .text.PendSV_Handler
                0x08000950        0x4 build/stm32f0xx_it.o
                0x08000950                PendSV_Handler
 .text.SysTick_Handler
                0x08000954        0x8 build/stm32f0xx_it.o
                0x08000954                SysTick_Handler
 .text.USB_IRQHandler
                0x0800095c       0x10 build/stm32f0xx_it.o
                0x0800095c                USB_IRQHandler
 .text.USART2_IRQHandler
                0x0800096c       0x10 build/stm32f0xx_it.o
                0x0800096c                USART2_IRQHandler
 .text.HAL_MspInit
                0x0800097c       0x3c build/stm32f0xx_hal_msp.o
                0x0800097c                HAL_MspInit
 .text.HAL_UART_MspInit
                0x080009b8       0x74 build/stm32f0xx_hal_msp.o
                0x080009b8                HAL_UART_MspInit
 .text.HAL_UART_MspDeInit
                0x08000a2c       0x34 build/stm32f0xx_hal_msp.o
                0x08000a2c                HAL_UART_MspDeInit
 .text.HAL_TIM_Base_MspInit
                0x08000a60       0x4c build/stm32f0xx_hal_msp.o
                0x08000a60                HAL_TIM_Base_MspInit
 .text.PowerControl
                0x08000aac        0x4 build/CMSIS_Driver_USART.o
 .text.GetStatus
                0x08000ab0       0x24 build/CMSIS_Driver_USART.o
 .text.Uninitialize
                0x08000ad4       0x14 build/CMSIS_Driver_USART.o
 .text.SWO_UART_Init
                0x08000ae8       0x34 build/CMSIS_Driver_USART.o
 .text.Initialize
                0x08000b1c       0x1c build/CMSIS_Driver_USART.o
 .text.Receive  0x08000b38       0x18 build/CMSIS_Driver_USART.o
 .text.GetRxCount
                0x08000b50       0x1c build/CMSIS_Driver_USART.o
 .text.Control  0x08000b6c       0x5c build/CMSIS_Driver_USART.o
 .text.HAL_UART_RxCpltCallback
                0x08000bc8       0x14 build/CMSIS_Driver_USART.o
                0x08000bc8                HAL_UART_RxCpltCallback
 .text.HAL_UART_ErrorCallback
                0x08000bdc       0x40 build/CMSIS_Driver_USART.o
                0x08000bdc                HAL_UART_ErrorCallback
 .text.HAL_PCD_Init
                0x08000c1c       0x9c build/stm32f0xx_hal_pcd.o
                0x08000c1c                HAL_PCD_Init
 .text.HAL_PCD_Start
                0x08000cb8       0x14 build/stm32f0xx_hal_pcd.o
                0x08000cb8                HAL_PCD_Start
 .text.HAL_PCD_SetAddress
                0x08000ccc       0x34 build/stm32f0xx_hal_pcd.o
                0x08000ccc                HAL_PCD_SetAddress
 .text.HAL_PCD_EP_Open
                0x08000d00      0x2fc build/stm32f0xx_hal_pcd.o
                0x08000d00                HAL_PCD_EP_Open
 .text.HAL_PCD_EP_Close
                0x08000ffc      0x194 build/stm32f0xx_hal_pcd.o
                0x08000ffc                HAL_PCD_EP_Close
 .text.HAL_PCD_EP_Receive
                0x08001190      0x240 build/stm32f0xx_hal_pcd.o
                0x08001190                HAL_PCD_EP_Receive
 .text.HAL_PCD_EP_Transmit
                0x080013d0      0x21c build/stm32f0xx_hal_pcd.o
                0x080013d0                HAL_PCD_EP_Transmit
 .text.HAL_PCD_IRQHandler
                0x080015ec      0x718 build/stm32f0xx_hal_pcd.o
                0x080015ec                HAL_PCD_IRQHandler
 .text.HAL_PCD_EP_SetStall
                0x08001d04       0xbc build/stm32f0xx_hal_pcd.o
                0x08001d04                HAL_PCD_EP_SetStall
 .text.HAL_PCD_EP_ClrStall
                0x08001dc0       0xc8 build/stm32f0xx_hal_pcd.o
                0x08001dc0                HAL_PCD_EP_ClrStall
 .text.HAL_PCDEx_PMAConfig
                0x08001e88       0x40 build/stm32f0xx_hal_pcd_ex.o
                0x08001e88                HAL_PCDEx_PMAConfig
 .text.TIM_SlaveTimer_SetConfig
                0x08001ec8       0xb4 build/stm32f0xx_hal_tim.o
 .text.HAL_TIM_Base_Start
                0x08001f7c       0x18 build/stm32f0xx_hal_tim.o
                0x08001f7c                HAL_TIM_Base_Start
 .text.HAL_TIM_SlaveConfigSynchronization
                0x08001f94       0x40 build/stm32f0xx_hal_tim.o
                0x08001f94                HAL_TIM_SlaveConfigSynchronization
 .text.TIM_Base_SetConfig
                0x08001fd4       0x88 build/stm32f0xx_hal_tim.o
                0x08001fd4                TIM_Base_SetConfig
 .text.HAL_TIM_Base_Init
                0x0800205c       0x34 build/stm32f0xx_hal_tim.o
                0x0800205c                HAL_TIM_Base_Init
 .text.HAL_TIMEx_MasterConfigSynchronization
                0x08002090       0x44 build/stm32f0xx_hal_tim_ex.o
                0x08002090                HAL_TIMEx_MasterConfigSynchronization
 .text.HAL_UART_DeInit
                0x080020d4       0x38 build/stm32f0xx_hal_uart.o
                0x080020d4                HAL_UART_DeInit
 .text.HAL_UART_Receive_IT
                0x0800210c       0xd0 build/stm32f0xx_hal_uart.o
                0x0800210c                HAL_UART_Receive_IT
 .text.HAL_UART_AbortReceive
                0x080021dc       0x50 build/stm32f0xx_hal_uart.o
                0x080021dc                HAL_UART_AbortReceive
 .text.HAL_UART_TxCpltCallback
                0x0800222c        0x4 build/stm32f0xx_hal_uart.o
                0x0800222c                HAL_UART_TxCpltCallback
 .text.UART_DMAAbortOnError
                0x08002230       0x14 build/stm32f0xx_hal_uart.o
 .text.HAL_UART_GetState
                0x08002244        0xc build/stm32f0xx_hal_uart.o
                0x08002244                HAL_UART_GetState
 .text.UART_SetConfig
                0x08002250      0x14c build/stm32f0xx_hal_uart.o
                0x08002250                UART_SetConfig
 .text.UART_AdvFeatureConfig
                0x0800239c       0xd0 build/stm32f0xx_hal_uart.o
                0x0800239c                UART_AdvFeatureConfig
 .text.HAL_UART_Init
                0x0800246c       0x7c build/stm32f0xx_hal_uart.o
                0x0800246c                HAL_UART_Init
 .text.UART_Transmit_IT
                0x080024e8       0x64 build/stm32f0xx_hal_uart.o
                0x080024e8                UART_Transmit_IT
 .text.UART_Receive_IT
                0x0800254c       0x7c build/stm32f0xx_hal_uart.o
                0x0800254c                UART_Receive_IT
 .text.HAL_UART_IRQHandler
                0x080025c8      0x148 build/stm32f0xx_hal_uart.o
                0x080025c8                HAL_UART_IRQHandler
 .text.HAL_RCC_OscConfig
                0x08002710      0x488 build/stm32f0xx_hal_rcc.o
                0x08002710                HAL_RCC_OscConfig
 .text.HAL_RCC_EnableCSS
                0x08002b98       0x14 build/stm32f0xx_hal_rcc.o
                0x08002b98                HAL_RCC_EnableCSS
 .text.HAL_RCC_GetSysClockFreq
                0x08002bac       0x58 build/stm32f0xx_hal_rcc.o
                0x08002bac                HAL_RCC_GetSysClockFreq
 .text.HAL_RCC_ClockConfig
                0x08002c04      0x148 build/stm32f0xx_hal_rcc.o
                0x08002c04                HAL_RCC_ClockConfig
 .text.HAL_RCC_GetHCLKFreq
                0x08002d4c        0xc build/stm32f0xx_hal_rcc.o
                0x08002d4c                HAL_RCC_GetHCLKFreq
 .text.HAL_RCC_GetPCLK1Freq
                0x08002d58       0x20 build/stm32f0xx_hal_rcc.o
                0x08002d58                HAL_RCC_GetPCLK1Freq
 .text.HAL_RCCEx_PeriphCLKConfig
                0x08002d78      0x130 build/stm32f0xx_hal_rcc_ex.o
                0x08002d78                HAL_RCCEx_PeriphCLKConfig
 .text.HAL_InitTick
                0x08002ea8       0x24 build/stm32f0xx_hal.o
                0x08002ea8                HAL_InitTick
 .text.HAL_Init
                0x08002ecc       0x20 build/stm32f0xx_hal.o
                0x08002ecc                HAL_Init
 .text.HAL_IncTick
                0x08002eec       0x10 build/stm32f0xx_hal.o
                0x08002eec                HAL_IncTick
 .text.HAL_GetTick
                0x08002efc        0xc build/stm32f0xx_hal.o
                0x08002efc                HAL_GetTick
 .text.HAL_GPIO_Init
                0x08002f08      0x1e4 build/stm32f0xx_hal_gpio.o
                0x08002f08                HAL_GPIO_Init
 .text.HAL_GPIO_DeInit
                0x080030ec      0x11c build/stm32f0xx_hal_gpio.o
                0x080030ec                HAL_GPIO_DeInit
 .text.HAL_GPIO_ReadPin
                0x08003208        0xc build/stm32f0xx_hal_gpio.o
                0x08003208                HAL_GPIO_ReadPin
 .text.HAL_GPIO_WritePin
                0x08003214        0xc build/stm32f0xx_hal_gpio.o
                0x08003214                HAL_GPIO_WritePin
 .text.HAL_DMA_Abort
                0x08003220       0x2c build/stm32f0xx_hal_dma.o
                0x08003220                HAL_DMA_Abort
 .text.HAL_DMA_Abort_IT
                0x0800324c       0x48 build/stm32f0xx_hal_dma.o
                0x0800324c                HAL_DMA_Abort_IT
 .text.HAL_NVIC_SetPriority
                0x08003294       0x58 build/stm32f0xx_hal_cortex.o
                0x08003294                HAL_NVIC_SetPriority
 .text.HAL_NVIC_EnableIRQ
                0x080032ec       0x18 build/stm32f0xx_hal_cortex.o
                0x080032ec                HAL_NVIC_EnableIRQ
 .text.HAL_NVIC_DisableIRQ
                0x08003304       0x20 build/stm32f0xx_hal_cortex.o
                0x08003304                HAL_NVIC_DisableIRQ
 .text.HAL_SYSTICK_Config
                0x08003324       0x38 build/stm32f0xx_hal_cortex.o
                0x08003324                HAL_SYSTICK_Config
 .text.SystemInit
                0x0800335c       0x68 build/system_stm32f0xx.o
                0x0800335c                SystemInit
 .text.USBD_Init
                0x080033c4       0x34 build/usbd_core.o
                0x080033c4                USBD_Init
 .text.USBD_RegisterClass
                0x080033f8       0x14 build/usbd_core.o
                0x080033f8                USBD_RegisterClass
 .text.USBD_Start
                0x0800340c        0xc build/usbd_core.o
                0x0800340c                USBD_Start
 .text.USBD_SetClassConfig
                0x08003418       0x1c build/usbd_core.o
                0x08003418                USBD_SetClassConfig
 .text.USBD_ClrClassConfig
                0x08003434       0x10 build/usbd_core.o
                0x08003434                USBD_ClrClassConfig
 .text.USBD_LL_SetupStage
                0x08003444       0x68 build/usbd_core.o
                0x08003444                USBD_LL_SetupStage
 .text.USBD_LL_DataOutStage
                0x080034ac       0x78 build/usbd_core.o
                0x080034ac                USBD_LL_DataOutStage
 .text.USBD_LL_DataInStage
                0x08003524       0xbc build/usbd_core.o
                0x08003524                USBD_LL_DataInStage
 .text.USBD_LL_Reset
                0x080035e0       0x48 build/usbd_core.o
                0x080035e0                USBD_LL_Reset
 .text.USBD_LL_SetSpeed
                0x08003628        0x8 build/usbd_core.o
                0x08003628                USBD_LL_SetSpeed
 .text.USBD_LL_Suspend
                0x08003630       0x18 build/usbd_core.o
                0x08003630                USBD_LL_Suspend
 .text.USBD_LL_Resume
                0x08003648       0x10 build/usbd_core.o
                0x08003648                USBD_LL_Resume
 .text.USBD_LL_SOF
                0x08003658       0x20 build/usbd_core.o
                0x08003658                USBD_LL_SOF
 .text.USBD_StdDevReq
                0x08003678      0x2c8 build/usbd_ctlreq.o
                0x08003678                USBD_StdDevReq
 .text.USBD_StdItfReq
                0x08003940       0x44 build/usbd_ctlreq.o
                0x08003940                USBD_StdItfReq
 .text.USBD_StdEPReq
                0x08003984       0xe4 build/usbd_ctlreq.o
                0x08003984                USBD_StdEPReq
 .text.USBD_ParseSetupRequest
                0x08003a68       0x28 build/usbd_ctlreq.o
                0x08003a68                USBD_ParseSetupRequest
 .text.USBD_CtlError
                0x08003a90       0x14 build/usbd_ctlreq.o
                0x08003a90                USBD_CtlError
 .text.USBD_GetString
                0x08003aa4       0x50 build/usbd_ctlreq.o
                0x08003aa4                USBD_GetString
 .text.USBD_CtlSendData
                0x08003af4       0x1c build/usbd_ioreq.o
                0x08003af4                USBD_CtlSendData
 .text.USBD_CtlContinueSendData
                0x08003b10       0x10 build/usbd_ioreq.o
                0x08003b10                USBD_CtlContinueSendData
 .text.USBD_CtlPrepareRx
                0x08003b20       0x20 build/usbd_ioreq.o
                0x08003b20                USBD_CtlPrepareRx
 .text.USBD_CtlContinueRx
                0x08003b40       0x10 build/usbd_ioreq.o
                0x08003b40                USBD_CtlContinueRx
 .text.USBD_CtlSendStatus
                0x08003b50       0x18 build/usbd_ioreq.o
                0x08003b50                USBD_CtlSendStatus
 .text.USBD_CtlReceiveStatus
                0x08003b68       0x18 build/usbd_ioreq.o
                0x08003b68                USBD_CtlReceiveStatus
 .text.USBD_CUSTOM_HID_GetCfgDesc
                0x08003b80        0xc build/usbd_customhid.o
 .text.USBD_CUSTOM_HID_DataIn
                0x08003b8c       0x14 build/usbd_customhid.o
 .text.USBD_CUSTOM_HID_EP0_RxReady
                0x08003ba0       0x28 build/usbd_customhid.o
 .text.USBD_CUSTOM_HID_GetDeviceQualifierDesc
                0x08003bc8        0xc build/usbd_customhid.o
 .text.USBD_CUSTOM_HID_DataOut
                0x08003bd4       0x28 build/usbd_customhid.o
 .text.USBD_CUSTOM_HID_Setup
                0x08003bfc       0xd4 build/usbd_customhid.o
 .text.USBD_CUSTOM_HID_DeInit
                0x08003cd0       0x34 build/usbd_customhid.o
 .text.USBD_CUSTOM_HID_Init
                0x08003d04       0x50 build/usbd_customhid.o
 .text.USBD_CUSTOM_HID_SendReport
                0x08003d54       0x30 build/usbd_customhid.o
                0x08003d54                USBD_CUSTOM_HID_SendReport
 .text.USBD_CUSTOM_HID_RegisterInterface
                0x08003d84       0x14 build/usbd_customhid.o
                0x08003d84                USBD_CUSTOM_HID_RegisterInterface
 .text.DAP_ProcessCommand
                0x08003d98     0x17c4 build/DAP.o
                0x08003d98                DAP_ProcessCommand
 .text.DAP_ExecuteCommand
                0x0800555c       0x44 build/DAP.o
                0x0800555c                DAP_ExecuteCommand
 .text.DAP_Setup
                0x080055a0       0x54 build/DAP.o
                0x080055a0                DAP_Setup
 .text.DAP_ProcessVendorCommand
                0x080055f4        0xc build/DAP_vendor.o
                0x080055f4                DAP_ProcessVendorCommand
 .text.JTAG_IR_Fast
                0x08005600      0x1d4 build/JTAG_DP.o
 .text.JTAG_TransferFast
                0x080057d4      0x388 build/JTAG_DP.o
 .text.JTAG_Sequence
                0x08005b5c       0xe4 build/JTAG_DP.o
                0x08005b5c                JTAG_Sequence
 .text.JTAG_ReadIDCode
                0x08005c40      0x134 build/JTAG_DP.o
                0x08005c40                JTAG_ReadIDCode
 .text.JTAG_WriteAbort
                0x08005d74      0x1e8 build/JTAG_DP.o
                0x08005d74                JTAG_WriteAbort
 .text.JTAG_IR  0x08005f5c       0x1c build/JTAG_DP.o
                0x08005f5c                JTAG_IR
 .text.JTAG_Transfer
                0x08005f78       0x1c build/JTAG_DP.o
                0x08005f78                JTAG_Transfer
 .text.SWD_TransferFast
                0x08005f94      0x4f0 build/SW_DP.o
 .text.SWJ_Sequence
                0x08006484       0x70 build/SW_DP.o
                0x08006484                SWJ_Sequence
 .text.SWD_Sequence
                0x080064f4      0x11c build/SW_DP.o
                0x080064f4                SWD_Sequence
 .text.SWD_Transfer
                0x08006610       0x1c build/SW_DP.o
                0x08006610                SWD_Transfer
 .text.USART_Callback
                0x0800662c       0xc4 build/SWO.o
 .text.UART_SWO_Mode
                0x080066f0       0x68 build/SWO.o
                0x080066f0                UART_SWO_Mode
 .text.UART_SWO_Baudrate
                0x08006758       0xa8 build/SWO.o
                0x08006758                UART_SWO_Baudrate
 .text.UART_SWO_Control
                0x08006800       0x84 build/SWO.o
                0x08006800                UART_SWO_Control
 .text.UART_SWO_Capture
                0x08006884       0x18 build/SWO.o
                0x08006884                UART_SWO_Capture
 .text.UART_SWO_GetCount
                0x0800689c       0x24 build/SWO.o
                0x0800689c                UART_SWO_GetCount
 .text.GetTraceCount.part.2
                0x080068c0       0x54 build/SWO.o
 .text.SWO_Transport
                0x08006914       0x2c build/SWO.o
                0x08006914                SWO_Transport
 .text.SWO_Mode
                0x08006940       0x5c build/SWO.o
                0x08006940                SWO_Mode
 .text.SWO_Baudrate
                0x0800699c       0x5c build/SWO.o
                0x0800699c                SWO_Baudrate
 .text.SWO_Control
                0x080069f8       0x74 build/SWO.o
                0x080069f8                SWO_Control
 .text.SWO_Status
                0x08006a6c       0x58 build/SWO.o
                0x08006a6c                SWO_Status
 .text.SWO_ExtendedStatus
                0x08006ac4       0xb0 build/SWO.o
                0x08006ac4                SWO_ExtendedStatus
 .text.SWO_Data
                0x08006b74       0xf0 build/SWO.o
                0x08006b74                SWO_Data
 .text.Reset_Handler
                0x08006c64       0x80 build/startup_stm32f070x6.o
                0x08006c64                Reset_Handler
 .text.Default_Handler
                0x08006ce4        0x2 build/startup_stm32f070x6.o
                0x08006ce4                TIM1_CC_IRQHandler
                0x08006ce4                I2C1_IRQHandler
                0x08006ce4                SPI1_IRQHandler
                0x08006ce4                EXTI2_3_IRQHandler
                0x08006ce4                ADC1_IRQHandler
                0x08006ce4                TIM17_IRQHandler
                0x08006ce4                RTC_IRQHandler
                0x08006ce4                TIM16_IRQHandler
                0x08006ce4                TIM3_IRQHandler
                0x08006ce4                EXTI4_15_IRQHandler
                0x08006ce4                RCC_IRQHandler
                0x08006ce4                DMA1_Channel1_IRQHandler
                0x08006ce4                Default_Handler
                0x08006ce4                TIM14_IRQHandler
                0x08006ce4                DMA1_Channel4_5_IRQHandler
                0x08006ce4                EXTI0_1_IRQHandler
                0x08006ce4                WWDG_IRQHandler
                0x08006ce4                DMA1_Channel2_3_IRQHandler
                0x08006ce4                FLASH_IRQHandler
                0x08006ce4                USART1_IRQHandler
                0x08006ce4                TIM1_BRK_UP_TRG_COM_IRQHandler
 *fill*         0x08006ce6        0x2 
 .text.__libc_init_array
                0x08006ce8       0x48 c:/nxp/mcuxpressoide_10.2.1_795/ide/tools/bin/../lib/gcc/arm-none-eabi/7.2.1/../../../../arm-none-eabi/lib/thumb/v6-m\libc_nano.a(lib_a-init.o)
                0x08006ce8                __libc_init_array
 .text.memcpy   0x08006d30       0x12 c:/nxp/mcuxpressoide_10.2.1_795/ide/tools/bin/../lib/gcc/arm-none-eabi/7.2.1/../../../../arm-none-eabi/lib/thumb/v6-m\libc_nano.a(lib_a-memcpy-stub.o)
                0x08006d30                memcpy
 .text.memset   0x08006d42       0x10 c:/nxp/mcuxpressoide_10.2.1_795/ide/tools/bin/../lib/gcc/arm-none-eabi/7.2.1/../../../../arm-none-eabi/lib/thumb/v6-m\libc_nano.a(lib_a-memset.o)
                0x08006d42                memset
 *fill*         0x08006d52        0x2 
 .text.sprintf  0x08006d54       0x40 c:/nxp/mcuxpressoide_10.2.1_795/ide/tools/bin/../lib/gcc/arm-none-eabi/7.2.1/../../../../arm-none-eabi/lib/thumb/v6-m\libc_nano.a(lib_a-sprintf.o)
                0x08006d54                siprintf
                0x08006d54                sprintf
 .text.__ssputs_r
                0x08006d94       0xc4 c:/nxp/mcuxpressoide_10.2.1_795/ide/tools/bin/../lib/gcc/arm-none-eabi/7.2.1/../../../../arm-none-eabi/lib/thumb/v6-m\libc_nano.a(lib_a-nano-svfprintf.o)
                0x08006d94                __ssputs_r
 .text._svfprintf_r
                0x08006e58      0x1fc c:/nxp/mcuxpressoide_10.2.1_795/ide/tools/bin/../lib/gcc/arm-none-eabi/7.2.1/../../../../arm-none-eabi/lib/thumb/v6-m\libc_nano.a(lib_a-nano-svfprintf.o)
                0x08006e58                _svfiprintf_r
                0x08006e58                _svfprintf_r
 .text._printf_common
                0x08007054       0xda c:/nxp/mcuxpressoide_10.2.1_795/ide/tools/bin/../lib/gcc/arm-none-eabi/7.2.1/../../../../arm-none-eabi/lib/thumb/v6-m\libc_nano.a(lib_a-nano-vfprintf_i.o)
                0x08007054                _printf_common
 *fill*         0x0800712e        0x2 
 .text._printf_i
                0x08007130      0x210 c:/nxp/mcuxpressoide_10.2.1_795/ide/tools/bin/../lib/gcc/arm-none-eabi/7.2.1/../../../../arm-none-eabi/lib/thumb/v6-m\libc_nano.a(lib_a-nano-vfprintf_i.o)
                0x08007130                _printf_i
 .text.memchr   0x08007340       0x16 c:/nxp/mcuxpressoide_10.2.1_795/ide/tools/bin/../lib/gcc/arm-none-eabi/7.2.1/../../../../arm-none-eabi/lib/thumb/v6-m\libc_nano.a(lib_a-memchr-stub.o)
                0x08007340                memchr
 .text.memmove  0x08007356       0x26 c:/nxp/mcuxpressoide_10.2.1_795/ide/tools/bin/../lib/gcc/arm-none-eabi/7.2.1/../../../../arm-none-eabi/lib/thumb/v6-m\libc_nano.a(lib_a-memmove.o)
                0x08007356                memmove
 .text._free_r  0x0800737c       0x94 c:/nxp/mcuxpressoide_10.2.1_795/ide/tools/bin/../lib/gcc/arm-none-eabi/7.2.1/../../../../arm-none-eabi/lib/thumb/v6-m\libc_nano.a(lib_a-nano-freer.o)
                0x0800737c                _free_r
 .text._malloc_r
                0x08007410       0xbc c:/nxp/mcuxpressoide_10.2.1_795/ide/tools/bin/../lib/gcc/arm-none-eabi/7.2.1/../../../../arm-none-eabi/lib/thumb/v6-m\libc_nano.a(lib_a-nano-mallocr.o)
                0x08007410                _malloc_r
 .text._realloc_r
                0x080074cc       0x4c c:/nxp/mcuxpressoide_10.2.1_795/ide/tools/bin/../lib/gcc/arm-none-eabi/7.2.1/../../../../arm-none-eabi/lib/thumb/v6-m\libc_nano.a(lib_a-nano-reallocr.o)
                0x080074cc                _realloc_r
 .text._sbrk_r  0x08007518       0x24 c:/nxp/mcuxpressoide_10.2.1_795/ide/tools/bin/../lib/gcc/arm-none-eabi/7.2.1/../../../../arm-none-eabi/lib/thumb/v6-m\libc_nano.a(lib_a-sbrkr.o)
                0x08007518                _sbrk_r
 .text.__malloc_lock
                0x0800753c        0x2 c:/nxp/mcuxpressoide_10.2.1_795/ide/tools/bin/../lib/gcc/arm-none-eabi/7.2.1/../../../../arm-none-eabi/lib/thumb/v6-m\libc_nano.a(lib_a-mlock.o)
                0x0800753c                __malloc_lock
 .text.__malloc_unlock
                0x0800753e        0x2 c:/nxp/mcuxpressoide_10.2.1_795/ide/tools/bin/../lib/gcc/arm-none-eabi/7.2.1/../../../../arm-none-eabi/lib/thumb/v6-m\libc_nano.a(lib_a-mlock.o)
                0x0800753e                __malloc_unlock
 .text._malloc_usable_size_r
                0x08007540       0x10 c:/nxp/mcuxpressoide_10.2.1_795/ide/tools/bin/../lib/gcc/arm-none-eabi/7.2.1/../../../../arm-none-eabi/lib/thumb/v6-m\libc_nano.a(lib_a-nano-msizer.o)
                0x08007540                _malloc_usable_size_r
 .text._sbrk    0x08007550       0x1c c:/nxp/mcuxpressoide_10.2.1_795/ide/tools/bin/../lib/gcc/arm-none-eabi/7.2.1/../../../../arm-none-eabi/lib/thumb/v6-m\libnosys.a(sbrk.o)
                0x08007550                _sbrk
 *(.glue_7)
 .glue_7        0x0800756c        0x0 linker stubs
 *(.glue_7t)
 .glue_7t       0x0800756c        0x0 linker stubs
 *(.eh_frame)
 .eh_frame      0x0800756c        0x0 c:/nxp/mcuxpressoide_10.2.1_795/ide/tools/bin/../lib/gcc/arm-none-eabi/7.2.1/thumb/v6-m/crtbegin.o
 *(.init)
 .init          0x0800756c        0x4 c:/nxp/mcuxpressoide_10.2.1_795/ide/tools/bin/../lib/gcc/arm-none-eabi/7.2.1/thumb/v6-m/crti.o
                0x0800756c                _init
 .init          0x08007570        0x8 c:/nxp/mcuxpressoide_10.2.1_795/ide/tools/bin/../lib/gcc/arm-none-eabi/7.2.1/thumb/v6-m/crtn.o
 *(.fini)
 .fini          0x08007578        0x4 c:/nxp/mcuxpressoide_10.2.1_795/ide/tools/bin/../lib/gcc/arm-none-eabi/7.2.1/thumb/v6-m/crti.o
                0x08007578                _fini
 .fini          0x0800757c        0x8 c:/nxp/mcuxpressoide_10.2.1_795/ide/tools/bin/../lib/gcc/arm-none-eabi/7.2.1/thumb/v6-m/crtn.o
                0x08007584                . = ALIGN (0x4)
                0x08007584                _etext = .

.vfp11_veneer   0x08007584        0x0
 .vfp11_veneer  0x08007584        0x0 linker stubs

.v4_bx          0x08007584        0x0
 .v4_bx         0x08007584        0x0 linker stubs

.iplt           0x08007584        0x0
 .iplt          0x08007584        0x0 c:/nxp/mcuxpressoide_10.2.1_795/ide/tools/bin/../lib/gcc/arm-none-eabi/7.2.1/thumb/v6-m/crtbegin.o

.rodata         0x08007584      0x21c
                0x08007584                . = ALIGN (0x4)
 *(.rodata)
 .rodata        0x08007584       0x20 build/stm32f0xx_hal_rcc.o
 *(.rodata*)
 .rodata.CSWTCH.3
                0x080075a4        0x4 build/usbd_conf.o
 .rodata.USBD_FS_ConfigStrDescriptor.str1.4
                0x080075a8       0x12 build/usbd_desc.o
 *fill*         0x080075ba        0x2 
 .rodata.USBD_FS_InterfaceStrDescriptor.str1.4
                0x080075bc       0x15 build/usbd_desc.o
 *fill*         0x080075d1        0x3 
 .rodata.USBD_FS_ManufacturerStrDescriptor.str1.4
                0x080075d4        0xf build/usbd_desc.o
 *fill*         0x080075e3        0x1 
 .rodata.USBD_FS_ProductStrDescriptor.str1.4
                0x080075e4       0x16 build/usbd_desc.o
 *fill*         0x080075fa        0x2 
 .rodata.Driver_USART2
                0x080075fc       0x38 build/CMSIS_Driver_USART.o
                0x080075fc                Driver_USART2
 .rodata.CSWTCH.50
                0x08007634        0x4 build/stm32f0xx_hal_uart.o
 .rodata.AHBPrescTable
                0x08007638       0x10 build/system_stm32f0xx.o
                0x08007638                AHBPrescTable
 .rodata.APBPrescTable
                0x08007648        0x8 build/system_stm32f0xx.o
                0x08007648                APBPrescTable
 .rodata.USBD_StdDevReq
                0x08007650       0x60 build/usbd_ctlreq.o
 .rodata.USBD_CUSTOM_HID_Setup
                0x080076b0       0x30 build/usbd_customhid.o
 .rodata.DAP_ProcessCommand
                0x080076e0       0x7c build/DAP.o
 .rodata.DAP_ProcessCommand.str1.4
                0x0800775c       0x10 build/DAP.o
                                 0x36 (size before relaxing)
 .rodata._svfprintf_r.str1.1
                0x0800776c       0x11 c:/nxp/mcuxpressoide_10.2.1_795/ide/tools/bin/../lib/gcc/arm-none-eabi/7.2.1/../../../../arm-none-eabi/lib/thumb/v6-m\libc_nano.a(lib_a-nano-svfprintf.o)
 .rodata._printf_i.str1.1
                0x0800777d       0x22 c:/nxp/mcuxpressoide_10.2.1_795/ide/tools/bin/../lib/gcc/arm-none-eabi/7.2.1/../../../../arm-none-eabi/lib/thumb/v6-m\libc_nano.a(lib_a-nano-vfprintf_i.o)
                0x080077a0                . = ALIGN (0x4)
 *fill*         0x0800779f        0x1 

.rel.dyn        0x080077a0        0x0
 .rel.iplt      0x080077a0        0x0 c:/nxp/mcuxpressoide_10.2.1_795/ide/tools/bin/../lib/gcc/arm-none-eabi/7.2.1/thumb/v6-m/crtbegin.o

.ARM.extab
 *(.ARM.extab* .gnu.linkonce.armextab.*)

.ARM            0x080077a0        0x0
                0x080077a0                __exidx_start = .
 *(.ARM.exidx*)
                0x080077a0                __exidx_end = .

.preinit_array  0x080077a0        0x0
                0x080077a0                PROVIDE (__preinit_array_start, .)
 *(.preinit_array*)
                0x080077a0                PROVIDE (__preinit_array_end, .)

.init_array     0x080077a0        0x4
                0x080077a0                PROVIDE (__init_array_start, .)
 *(SORT_BY_NAME(.init_array.*))
 *(.init_array*)
 .init_array    0x080077a0        0x4 c:/nxp/mcuxpressoide_10.2.1_795/ide/tools/bin/../lib/gcc/arm-none-eabi/7.2.1/thumb/v6-m/crtbegin.o
                0x080077a4                PROVIDE (__init_array_end, .)

.fini_array     0x080077a4        0x4
                [!provide]                PROVIDE (__fini_array_start, .)
 *(SORT_BY_NAME(.fini_array.*))
 *(.fini_array*)
 .fini_array    0x080077a4        0x4 c:/nxp/mcuxpressoide_10.2.1_795/ide/tools/bin/../lib/gcc/arm-none-eabi/7.2.1/thumb/v6-m/crtbegin.o
                [!provide]                PROVIDE (__fini_array_end, .)
                0x080077a8                _sidata = LOADADDR (.data)

.data           0x20000000      0x168 load address 0x080077a8
                0x20000000                . = ALIGN (0x4)
                0x20000000                _sdata = .
 *(.data)
 *(.data*)
 .data.FS_Desc  0x20000000       0x1c build/usbd_desc.o
                0x20000000                FS_Desc
 .data.USBD_FS_DeviceDesc
                0x2000001c       0x12 build/usbd_desc.o
                0x2000001c                USBD_FS_DeviceDesc
 *fill*         0x2000002e        0x2 
 .data.USBD_LangIDDesc
                0x20000030        0x4 build/usbd_desc.o
                0x20000030                USBD_LangIDDesc
 .data.USBD_StringSerial
                0x20000034       0x1a build/usbd_desc.o
                0x20000034                USBD_StringSerial
 *fill*         0x2000004e        0x2 
 .data.CUSTOM_HID_ReportDesc_FS
                0x20000050       0x20 build/usbd_custom_hid_if.o
 .data.USBD_CustomHID_fops_FS
                0x20000070       0x10 build/usbd_custom_hid_if.o
                0x20000070                USBD_CustomHID_fops_FS
 .data.SystemCoreClock
                0x20000080        0x4 build/system_stm32f0xx.o
                0x20000080                SystemCoreClock
 .data.USBD_CUSTOM_HID
                0x20000084       0x3c build/usbd_customhid.o
                0x20000084                USBD_CUSTOM_HID
 .data.USBD_CUSTOM_HID_CfgDesc
                0x200000c0       0x29 build/usbd_customhid.o
 *fill*         0x200000e9        0x3 
 .data.USBD_CUSTOM_HID_Desc
                0x200000ec        0x9 build/usbd_customhid.o
 *fill*         0x200000f5        0x3 
 .data.USBD_CUSTOM_HID_DeviceQualifierDesc
                0x200000f8        0xa build/usbd_customhid.o
 *fill*         0x20000102        0x2 
 .data._impure_ptr
                0x20000104        0x4 c:/nxp/mcuxpressoide_10.2.1_795/ide/tools/bin/../lib/gcc/arm-none-eabi/7.2.1/../../../../arm-none-eabi/lib/thumb/v6-m\libc_nano.a(lib_a-impure.o)
                0x20000104                _impure_ptr
 .data.impure_data
                0x20000108       0x60 c:/nxp/mcuxpressoide_10.2.1_795/ide/tools/bin/../lib/gcc/arm-none-eabi/7.2.1/../../../../arm-none-eabi/lib/thumb/v6-m\libc_nano.a(lib_a-impure.o)
                0x20000168                . = ALIGN (0x4)
                0x20000168                _edata = .

.igot.plt       0x20000168        0x0 load address 0x08007910
 .igot.plt      0x20000168        0x0 c:/nxp/mcuxpressoide_10.2.1_795/ide/tools/bin/../lib/gcc/arm-none-eabi/7.2.1/thumb/v6-m/crtbegin.o
                0x20000168                . = ALIGN (0x4)

.bss            0x20000168      0xeac load address 0x08007910
                0x20000168                _sbss = .
                0x20000168                __bss_start__ = _sbss
 *(.bss)
 .bss           0x20000168       0x1c c:/nxp/mcuxpressoide_10.2.1_795/ide/tools/bin/../lib/gcc/arm-none-eabi/7.2.1/thumb/v6-m/crtbegin.o
 *(.bss*)
 .bss.CommonIndex
                0x20000184        0x4 build/main.o
 .bss.ResponseIndexSend
                0x20000188        0x4 build/main.o
 .bss.ResponsePendingCount
                0x2000018c        0x4 build/main.o
 .bss.mem.8216  0x20000190       0x58 build/usbd_conf.o
 .bss.RequestIndexPending
                0x200001e8        0x4 build/usbd_custom_hid_if.o
 .bss.app_cb_event
                0x200001ec        0x4 build/CMSIS_Driver_USART.o
 .bss.cfgidx.8144
                0x200001f0        0x1 build/usbd_ctlreq.o
 *fill*         0x200001f1        0x3 
 .bss.TraceBlockSize
                0x200001f4        0x4 build/SWO.o
 .bss.TraceBuf  0x200001f8      0x400 build/SWO.o
 .bss.TraceError
                0x200005f8        0x2 build/SWO.o
 .bss.TraceError_n
                0x200005fa        0x1 build/SWO.o
 *fill*         0x200005fb        0x1 
 .bss.TraceIndexI
                0x200005fc        0x4 build/SWO.o
 .bss.TraceIndexO
                0x20000600        0x4 build/SWO.o
 .bss.TraceMode
                0x20000604        0x1 build/SWO.o
 .bss.TraceStatus
                0x20000605        0x1 build/SWO.o
 *fill*         0x20000606        0x2 
 .bss.TraceTimestamp
                0x20000608        0x8 build/SWO.o
 .bss.TraceTransport
                0x20000610        0x1 build/SWO.o
 .bss.TraceUpdate
                0x20000611        0x1 build/SWO.o
 .bss.USART_Ready
                0x20000612        0x1 build/SWO.o
 *fill*         0x20000613        0x1 
 .bss.__malloc_free_list
                0x20000614        0x4 c:/nxp/mcuxpressoide_10.2.1_795/ide/tools/bin/../lib/gcc/arm-none-eabi/7.2.1/../../../../arm-none-eabi/lib/thumb/v6-m\libc_nano.a(lib_a-nano-mallocr.o)
                0x20000614                __malloc_free_list
 .bss.__malloc_sbrk_start
                0x20000618        0x4 c:/nxp/mcuxpressoide_10.2.1_795/ide/tools/bin/../lib/gcc/arm-none-eabi/7.2.1/../../../../arm-none-eabi/lib/thumb/v6-m\libc_nano.a(lib_a-nano-mallocr.o)
                0x20000618                __malloc_sbrk_start
 .bss.heap_end.4102
                0x2000061c        0x4 c:/nxp/mcuxpressoide_10.2.1_795/ide/tools/bin/../lib/gcc/arm-none-eabi/7.2.1/../../../../arm-none-eabi/lib/thumb/v6-m\libnosys.a(sbrk.o)
 *(COMMON)
 COMMON         0x20000620      0x404 build/main.o
                0x20000620                USB_DAP_Requests
                0x20000820                USB_DAP_Responses
                0x20000a20                RequestPendingCount
 COMMON         0x20000a24      0x224 build/usb_device.o
                0x20000a24                hUsbDeviceFS
 COMMON         0x20000c48      0x220 build/usbd_conf.o
                0x20000c48                hpcd_USB_FS
 COMMON         0x20000e68      0x100 build/usbd_desc.o
                0x20000e68                USBD_StrDesc
 COMMON         0x20000f68       0x70 build/CMSIS_Driver_USART.o
                0x20000f68                huart2
 COMMON         0x20000fd8        0x4 build/stm32f0xx_hal.o
                0x20000fd8                uwTick
 COMMON         0x20000fdc       0x31 build/DAP.o
                0x20000fdc                DAP_Data
                0x2000100c                DAP_TransferAbort
 *fill*         0x2000100d        0x3 
 COMMON         0x20001010        0x4 c:/nxp/mcuxpressoide_10.2.1_795/ide/tools/bin/../lib/gcc/arm-none-eabi/7.2.1/../../../../arm-none-eabi/lib/thumb/v6-m\libc_nano.a(lib_a-reent.o)
                0x20001010                errno
                0x20001014                . = ALIGN (0x4)
                0x20001014                _ebss = .
                0x20001014                __bss_end__ = _ebss

._user_heap_stack
                0x20001014      0x414 load address 0x08007910
                0x20001018                . = ALIGN (0x8)
 *fill*         0x20001014        0x4 
                0x20001018                PROVIDE (end, .)
                [!provide]                PROVIDE (_end, .)
                0x20001028                . = (. + _Min_Heap_Size)
 *fill*         0x20001018       0x10 
                0x20001428                . = (. + _Min_Stack_Size)
 *fill*         0x20001028      0x400 
                0x20001428                . = ALIGN (0x8)

/DISCARD/
 libc.a(*)
 libm.a(*)
 libgcc.a(*)

.ARM.attributes
                0x00000000       0x28
 *(.ARM.attributes)
 .ARM.attributes
                0x00000000       0x1e c:/nxp/mcuxpressoide_10.2.1_795/ide/tools/bin/../lib/gcc/arm-none-eabi/7.2.1/thumb/v6-m/crti.o
 .ARM.attributes
                0x0000001e       0x2c c:/nxp/mcuxpressoide_10.2.1_795/ide/tools/bin/../lib/gcc/arm-none-eabi/7.2.1/thumb/v6-m/crtbegin.o
 .ARM.attributes
                0x0000004a       0x31 build/main.o
 .ARM.attributes
                0x0000007b       0x31 build/usb_device.o
 .ARM.attributes
                0x000000ac       0x31 build/usbd_conf.o
 .ARM.attributes
                0x000000dd       0x31 build/usbd_desc.o
 .ARM.attributes
                0x0000010e       0x31 build/usbd_custom_hid_if.o
 .ARM.attributes
                0x0000013f       0x31 build/stm32f0xx_it.o
 .ARM.attributes
                0x00000170       0x31 build/stm32f0xx_hal_msp.o
 .ARM.attributes
                0x000001a1       0x31 build/CMSIS_Driver_USART.o
 .ARM.attributes
                0x000001d2       0x31 build/stm32f0xx_hal_pcd.o
 .ARM.attributes
                0x00000203       0x31 build/stm32f0xx_hal_pcd_ex.o
 .ARM.attributes
                0x00000234       0x31 build/stm32f0xx_hal_tim.o
 .ARM.attributes
                0x00000265       0x31 build/stm32f0xx_hal_tim_ex.o
 .ARM.attributes
                0x00000296       0x31 build/stm32f0xx_hal_uart.o
 .ARM.attributes
                0x000002c7       0x31 build/stm32f0xx_hal_rcc.o
 .ARM.attributes
                0x000002f8       0x31 build/stm32f0xx_hal_rcc_ex.o
 .ARM.attributes
                0x00000329       0x31 build/stm32f0xx_hal.o
 .ARM.attributes
                0x0000035a       0x31 build/stm32f0xx_hal_gpio.o
 .ARM.attributes
                0x0000038b       0x31 build/stm32f0xx_hal_dma.o
 .ARM.attributes
                0x000003bc       0x31 build/stm32f0xx_hal_cortex.o
 .ARM.attributes
                0x000003ed       0x31 build/system_stm32f0xx.o
 .ARM.attributes
                0x0000041e       0x31 build/usbd_core.o
 .ARM.attributes
                0x0000044f       0x31 build/usbd_ctlreq.o
 .ARM.attributes
                0x00000480       0x31 build/usbd_ioreq.o
 .ARM.attributes
                0x000004b1       0x31 build/usbd_customhid.o
 .ARM.attributes
                0x000004e2       0x31 build/DAP.o
 .ARM.attributes
                0x00000513       0x31 build/DAP_vendor.o
 .ARM.attributes
                0x00000544       0x31 build/JTAG_DP.o
 .ARM.attributes
                0x00000575       0x31 build/SW_DP.o
 .ARM.attributes
                0x000005a6       0x31 build/SWO.o
 .ARM.attributes
                0x000005d7       0x21 build/startup_stm32f070x6.o
 .ARM.attributes
                0x000005f8       0x2c c:/nxp/mcuxpressoide_10.2.1_795/ide/tools/bin/../lib/gcc/arm-none-eabi/7.2.1/../../../../arm-none-eabi/lib/thumb/v6-m\libc_nano.a(lib_a-impure.o)
 .ARM.attributes
                0x00000624       0x2c c:/nxp/mcuxpressoide_10.2.1_795/ide/tools/bin/../lib/gcc/arm-none-eabi/7.2.1/../../../../arm-none-eabi/lib/thumb/v6-m\libc_nano.a(lib_a-init.o)
 .ARM.attributes
                0x00000650       0x2c c:/nxp/mcuxpressoide_10.2.1_795/ide/tools/bin/../lib/gcc/arm-none-eabi/7.2.1/../../../../arm-none-eabi/lib/thumb/v6-m\libc_nano.a(lib_a-memcpy-stub.o)
 .ARM.attributes
                0x0000067c       0x2c c:/nxp/mcuxpressoide_10.2.1_795/ide/tools/bin/../lib/gcc/arm-none-eabi/7.2.1/../../../../arm-none-eabi/lib/thumb/v6-m\libc_nano.a(lib_a-memset.o)
 .ARM.attributes
                0x000006a8       0x2c c:/nxp/mcuxpressoide_10.2.1_795/ide/tools/bin/../lib/gcc/arm-none-eabi/7.2.1/../../../../arm-none-eabi/lib/thumb/v6-m\libc_nano.a(lib_a-sprintf.o)
 .ARM.attributes
                0x000006d4       0x1c c:/nxp/mcuxpressoide_10.2.1_795/ide/tools/bin/../lib/gcc/arm-none-eabi/7.2.1/../../../../arm-none-eabi/lib/thumb/v6-m\libc_nano.a(lib_a-strlen.o)
 .ARM.attributes
                0x000006f0       0x2c c:/nxp/mcuxpressoide_10.2.1_795/ide/tools/bin/../lib/gcc/arm-none-eabi/7.2.1/../../../../arm-none-eabi/lib/thumb/v6-m\libc_nano.a(lib_a-nano-svfprintf.o)
 .ARM.attributes
                0x0000071c       0x2c c:/nxp/mcuxpressoide_10.2.1_795/ide/tools/bin/../lib/gcc/arm-none-eabi/7.2.1/../../../../arm-none-eabi/lib/thumb/v6-m\libc_nano.a(lib_a-nano-vfprintf_i.o)
 .ARM.attributes
                0x00000748       0x2c c:/nxp/mcuxpressoide_10.2.1_795/ide/tools/bin/../lib/gcc/arm-none-eabi/7.2.1/../../../../arm-none-eabi/lib/thumb/v6-m\libc_nano.a(lib_a-memchr-stub.o)
 .ARM.attributes
                0x00000774       0x2c c:/nxp/mcuxpressoide_10.2.1_795/ide/tools/bin/../lib/gcc/arm-none-eabi/7.2.1/../../../../arm-none-eabi/lib/thumb/v6-m\libc_nano.a(lib_a-memmove.o)
 .ARM.attributes
                0x000007a0       0x2c c:/nxp/mcuxpressoide_10.2.1_795/ide/tools/bin/../lib/gcc/arm-none-eabi/7.2.1/../../../../arm-none-eabi/lib/thumb/v6-m\libc_nano.a(lib_a-nano-freer.o)
 .ARM.attributes
                0x000007cc       0x2c c:/nxp/mcuxpressoide_10.2.1_795/ide/tools/bin/../lib/gcc/arm-none-eabi/7.2.1/../../../../arm-none-eabi/lib/thumb/v6-m\libc_nano.a(lib_a-nano-mallocr.o)
 .ARM.attributes
                0x000007f8       0x2c c:/nxp/mcuxpressoide_10.2.1_795/ide/tools/bin/../lib/gcc/arm-none-eabi/7.2.1/../../../../arm-none-eabi/lib/thumb/v6-m\libc_nano.a(lib_a-nano-reallocr.o)
 .ARM.attributes
                0x00000824       0x2c c:/nxp/mcuxpressoide_10.2.1_795/ide/tools/bin/../lib/gcc/arm-none-eabi/7.2.1/../../../../arm-none-eabi/lib/thumb/v6-m\libc_nano.a(lib_a-sbrkr.o)
 .ARM.attributes
                0x00000850       0x2c c:/nxp/mcuxpressoide_10.2.1_795/ide/tools/bin/../lib/gcc/arm-none-eabi/7.2.1/../../../../arm-none-eabi/lib/thumb/v6-m\libc_nano.a(lib_a-mlock.o)
 .ARM.attributes
                0x0000087c       0x2c c:/nxp/mcuxpressoide_10.2.1_795/ide/tools/bin/../lib/gcc/arm-none-eabi/7.2.1/../../../../arm-none-eabi/lib/thumb/v6-m\libc_nano.a(lib_a-nano-msizer.o)
 .ARM.attributes
                0x000008a8       0x2c c:/nxp/mcuxpressoide_10.2.1_795/ide/tools/bin/../lib/gcc/arm-none-eabi/7.2.1/../../../../arm-none-eabi/lib/thumb/v6-m\libc_nano.a(lib_a-reent.o)
 .ARM.attributes
                0x000008d4       0x2c c:/nxp/mcuxpressoide_10.2.1_795/ide/tools/bin/../lib/gcc/arm-none-eabi/7.2.1/../../../../arm-none-eabi/lib/thumb/v6-m\libnosys.a(sbrk.o)
 .ARM.attributes
                0x00000900       0x1e c:/nxp/mcuxpressoide_10.2.1_795/ide/tools/bin/../lib/gcc/arm-none-eabi/7.2.1/thumb/v6-m\libgcc.a(_udivsi3.o)
 .ARM.attributes
                0x0000091e       0x1e c:/nxp/mcuxpressoide_10.2.1_795/ide/tools/bin/../lib/gcc/arm-none-eabi/7.2.1/thumb/v6-m\libgcc.a(_dvmd_tls.o)
 .ARM.attributes
                0x0000093c       0x1e c:/nxp/mcuxpressoide_10.2.1_795/ide/tools/bin/../lib/gcc/arm-none-eabi/7.2.1/thumb/v6-m/crtn.o
OUTPUT(build/openlink_v1_cmsis_dap.elf elf32-littlearm)

.comment        0x00000000       0x7e
 .comment       0x00000000       0x7e build/main.o
                                 0x7f (size before relaxing)
 .comment       0x0000007e       0x7f build/usb_device.o
 .comment       0x0000007e       0x7f build/usbd_conf.o
 .comment       0x0000007e       0x7f build/usbd_desc.o
 .comment       0x0000007e       0x7f build/usbd_custom_hid_if.o
 .comment       0x0000007e       0x7f build/stm32f0xx_it.o
 .comment       0x0000007e       0x7f build/stm32f0xx_hal_msp.o
 .comment       0x0000007e       0x7f build/CMSIS_Driver_USART.o
 .comment       0x0000007e       0x7f build/stm32f0xx_hal_pcd.o
 .comment       0x0000007e       0x7f build/stm32f0xx_hal_pcd_ex.o
 .comment       0x0000007e       0x7f build/stm32f0xx_hal_tim.o
 .comment       0x0000007e       0x7f build/stm32f0xx_hal_tim_ex.o
 .comment       0x0000007e       0x7f build/stm32f0xx_hal_uart.o
 .comment       0x0000007e       0x7f build/stm32f0xx_hal_rcc.o
 .comment       0x0000007e       0x7f build/stm32f0xx_hal_rcc_ex.o
 .comment       0x0000007e       0x7f build/stm32f0xx_hal.o
 .comment       0x0000007e       0x7f build/stm32f0xx_hal_gpio.o
 .comment       0x0000007e       0x7f build/stm32f0xx_hal_dma.o
 .comment       0x0000007e       0x7f build/stm32f0xx_hal_cortex.o
 .comment       0x0000007e       0x7f build/system_stm32f0xx.o
 .comment       0x0000007e       0x7f build/usbd_core.o
 .comment       0x0000007e       0x7f build/usbd_ctlreq.o
 .comment       0x0000007e       0x7f build/usbd_ioreq.o
 .comment       0x0000007e       0x7f build/usbd_customhid.o
 .comment       0x0000007e       0x7f build/DAP.o
 .comment       0x0000007e       0x7f build/DAP_vendor.o
 .comment       0x0000007e       0x7f build/JTAG_DP.o
 .comment       0x0000007e       0x7f build/SW_DP.o
 .comment       0x0000007e       0x7f build/SWO.o

.debug_frame    0x00000000      0x358
 .debug_frame   0x00000000       0x2c c:/nxp/mcuxpressoide_10.2.1_795/ide/tools/bin/../lib/gcc/arm-none-eabi/7.2.1/../../../../arm-none-eabi/lib/thumb/v6-m\libc_nano.a(lib_a-init.o)
 .debug_frame   0x0000002c       0x28 c:/nxp/mcuxpressoide_10.2.1_795/ide/tools/bin/../lib/gcc/arm-none-eabi/7.2.1/../../../../arm-none-eabi/lib/thumb/v6-m\libc_nano.a(lib_a-memcpy-stub.o)
 .debug_frame   0x00000054       0x20 c:/nxp/mcuxpressoide_10.2.1_795/ide/tools/bin/../lib/gcc/arm-none-eabi/7.2.1/../../../../arm-none-eabi/lib/thumb/v6-m\libc_nano.a(lib_a-memset.o)
 .debug_frame   0x00000074       0x48 c:/nxp/mcuxpressoide_10.2.1_795/ide/tools/bin/../lib/gcc/arm-none-eabi/7.2.1/../../../../arm-none-eabi/lib/thumb/v6-m\libc_nano.a(lib_a-sprintf.o)
 .debug_frame   0x000000bc       0x74 c:/nxp/mcuxpressoide_10.2.1_795/ide/tools/bin/../lib/gcc/arm-none-eabi/7.2.1/../../../../arm-none-eabi/lib/thumb/v6-m\libc_nano.a(lib_a-nano-svfprintf.o)
 .debug_frame   0x00000130       0x54 c:/nxp/mcuxpressoide_10.2.1_795/ide/tools/bin/../lib/gcc/arm-none-eabi/7.2.1/../../../../arm-none-eabi/lib/thumb/v6-m\libc_nano.a(lib_a-nano-vfprintf_i.o)
 .debug_frame   0x00000184       0x20 c:/nxp/mcuxpressoide_10.2.1_795/ide/tools/bin/../lib/gcc/arm-none-eabi/7.2.1/../../../../arm-none-eabi/lib/thumb/v6-m\libc_nano.a(lib_a-memchr-stub.o)
 .debug_frame   0x000001a4       0x28 c:/nxp/mcuxpressoide_10.2.1_795/ide/tools/bin/../lib/gcc/arm-none-eabi/7.2.1/../../../../arm-none-eabi/lib/thumb/v6-m\libc_nano.a(lib_a-memmove.o)
 .debug_frame   0x000001cc       0x2c c:/nxp/mcuxpressoide_10.2.1_795/ide/tools/bin/../lib/gcc/arm-none-eabi/7.2.1/../../../../arm-none-eabi/lib/thumb/v6-m\libc_nano.a(lib_a-nano-freer.o)
 .debug_frame   0x000001f8       0x2c c:/nxp/mcuxpressoide_10.2.1_795/ide/tools/bin/../lib/gcc/arm-none-eabi/7.2.1/../../../../arm-none-eabi/lib/thumb/v6-m\libc_nano.a(lib_a-nano-mallocr.o)
 .debug_frame   0x00000224       0x30 c:/nxp/mcuxpressoide_10.2.1_795/ide/tools/bin/../lib/gcc/arm-none-eabi/7.2.1/../../../../arm-none-eabi/lib/thumb/v6-m\libc_nano.a(lib_a-nano-reallocr.o)
 .debug_frame   0x00000254       0x2c c:/nxp/mcuxpressoide_10.2.1_795/ide/tools/bin/../lib/gcc/arm-none-eabi/7.2.1/../../../../arm-none-eabi/lib/thumb/v6-m\libc_nano.a(lib_a-sbrkr.o)
 .debug_frame   0x00000280       0x30 c:/nxp/mcuxpressoide_10.2.1_795/ide/tools/bin/../lib/gcc/arm-none-eabi/7.2.1/../../../../arm-none-eabi/lib/thumb/v6-m\libc_nano.a(lib_a-mlock.o)
 .debug_frame   0x000002b0       0x20 c:/nxp/mcuxpressoide_10.2.1_795/ide/tools/bin/../lib/gcc/arm-none-eabi/7.2.1/../../../../arm-none-eabi/lib/thumb/v6-m\libc_nano.a(lib_a-nano-msizer.o)
 .debug_frame   0x000002d0       0x48 c:/nxp/mcuxpressoide_10.2.1_795/ide/tools/bin/../lib/gcc/arm-none-eabi/7.2.1/../../../../arm-none-eabi/lib/thumb/v6-m\libc_nano.a(lib_a-reent.o)
 .debug_frame   0x00000318       0x20 c:/nxp/mcuxpressoide_10.2.1_795/ide/tools/bin/../lib/gcc/arm-none-eabi/7.2.1/../../../../arm-none-eabi/lib/thumb/v6-m\libnosys.a(sbrk.o)
 .debug_frame   0x00000338       0x20 c:/nxp/mcuxpressoide_10.2.1_795/ide/tools/bin/../lib/gcc/arm-none-eabi/7.2.1/thumb/v6-m\libgcc.a(_udivsi3.o)

Cross Reference Table

Symbol                                            File
ADC1_IRQHandler                                   build/startup_stm32f070x6.o
AHBPrescTable                                     build/system_stm32f0xx.o
                                                  build/stm32f0xx_hal_rcc.o
APBPrescTable                                     build/system_stm32f0xx.o
                                                  build/stm32f0xx_hal_rcc.o
DAP_Data                                          build/DAP.o
                                                  build/SW_DP.o
                                                  build/JTAG_DP.o
DAP_ExecuteCommand                                build/DAP.o
                                                  build/main.o
DAP_ProcessCommand                                build/DAP.o
DAP_ProcessVendorCommand                          build/DAP_vendor.o
                                                  build/DAP.o
DAP_Setup                                         build/DAP.o
                                                  build/main.o
DAP_TransferAbort                                 build/DAP.o
                                                  build/usbd_custom_hid_if.o
DMA1_Channel1_IRQHandler                          build/startup_stm32f070x6.o
DMA1_Channel2_3_IRQHandler                        build/startup_stm32f070x6.o
DMA1_Channel4_5_IRQHandler                        build/startup_stm32f070x6.o
Default_Handler                                   build/startup_stm32f070x6.o
Delayms                                           build/DAP.o
Driver_USART2                                     build/CMSIS_Driver_USART.o
                                                  build/SWO.o
EXTI0_1_IRQHandler                                build/startup_stm32f070x6.o
EXTI2_3_IRQHandler                                build/startup_stm32f070x6.o
EXTI4_15_IRQHandler                               build/startup_stm32f070x6.o
Error_Handler                                     build/main.o
                                                  build/usbd_conf.o
                                                  build/usb_device.o
FLASH_IRQHandler                                  build/startup_stm32f070x6.o
FLASH_PageErase                                   build/stm32f0xx_hal_flash_ex.o
                                                  build/stm32f0xx_hal_flash.o
FLASH_WaitForLastOperation                        build/stm32f0xx_hal_flash.o
                                                  build/stm32f0xx_hal_flash_ex.o
FS_Desc                                           build/usbd_desc.o
                                                  build/usb_device.o
HAL_DBGMCU_DisableDBGStandbyMode                  build/stm32f0xx_hal.o
HAL_DBGMCU_DisableDBGStopMode                     build/stm32f0xx_hal.o
HAL_DBGMCU_EnableDBGStandbyMode                   build/stm32f0xx_hal.o
HAL_DBGMCU_EnableDBGStopMode                      build/stm32f0xx_hal.o
HAL_DMA_Abort                                     build/stm32f0xx_hal_dma.o
                                                  build/stm32f0xx_hal_uart.o
                                                  build/stm32f0xx_hal_tim.o
HAL_DMA_Abort_IT                                  build/stm32f0xx_hal_dma.o
                                                  build/stm32f0xx_hal_i2c.o
                                                  build/stm32f0xx_hal_uart.o
HAL_DMA_DeInit                                    build/stm32f0xx_hal_dma.o
HAL_DMA_GetError                                  build/stm32f0xx_hal_dma.o
HAL_DMA_GetState                                  build/stm32f0xx_hal_dma.o
HAL_DMA_IRQHandler                                build/stm32f0xx_hal_dma.o
HAL_DMA_Init                                      build/stm32f0xx_hal_dma.o
HAL_DMA_PollForTransfer                           build/stm32f0xx_hal_dma.o
HAL_DMA_RegisterCallback                          build/stm32f0xx_hal_dma.o
HAL_DMA_Start                                     build/stm32f0xx_hal_dma.o
HAL_DMA_Start_IT                                  build/stm32f0xx_hal_dma.o
                                                  build/stm32f0xx_hal_i2c.o
                                                  build/stm32f0xx_hal_uart.o
                                                  build/stm32f0xx_hal_tim_ex.o
                                                  build/stm32f0xx_hal_tim.o
HAL_DMA_UnRegisterCallback                        build/stm32f0xx_hal_dma.o
HAL_DeInit                                        build/stm32f0xx_hal.o
HAL_Delay                                         build/stm32f0xx_hal.o
                                                  build/usbd_conf.o
HAL_FLASHEx_Erase                                 build/stm32f0xx_hal_flash_ex.o
HAL_FLASHEx_Erase_IT                              build/stm32f0xx_hal_flash_ex.o
HAL_FLASHEx_OBErase                               build/stm32f0xx_hal_flash_ex.o
HAL_FLASHEx_OBGetConfig                           build/stm32f0xx_hal_flash_ex.o
HAL_FLASHEx_OBGetUserData                         build/stm32f0xx_hal_flash_ex.o
HAL_FLASHEx_OBProgram                             build/stm32f0xx_hal_flash_ex.o
HAL_FLASH_EndOfOperationCallback                  build/stm32f0xx_hal_flash.o
HAL_FLASH_GetError                                build/stm32f0xx_hal_flash.o
HAL_FLASH_IRQHandler                              build/stm32f0xx_hal_flash.o
HAL_FLASH_Lock                                    build/stm32f0xx_hal_flash.o
HAL_FLASH_OB_Launch                               build/stm32f0xx_hal_flash.o
HAL_FLASH_OB_Lock                                 build/stm32f0xx_hal_flash.o
HAL_FLASH_OB_Unlock                               build/stm32f0xx_hal_flash.o
HAL_FLASH_OperationErrorCallback                  build/stm32f0xx_hal_flash.o
HAL_FLASH_Program                                 build/stm32f0xx_hal_flash.o
HAL_FLASH_Program_IT                              build/stm32f0xx_hal_flash.o
HAL_FLASH_Unlock                                  build/stm32f0xx_hal_flash.o
HAL_GPIO_DeInit                                   build/stm32f0xx_hal_gpio.o
                                                  build/stm32f0xx_hal_msp.o
HAL_GPIO_EXTI_Callback                            build/stm32f0xx_hal_gpio.o
HAL_GPIO_EXTI_IRQHandler                          build/stm32f0xx_hal_gpio.o
HAL_GPIO_Init                                     build/stm32f0xx_hal_gpio.o
                                                  build/SW_DP.o
                                                  build/DAP.o
                                                  build/stm32f0xx_hal_rcc.o
                                                  build/stm32f0xx_hal_msp.o
                                                  build/main.o
HAL_GPIO_LockPin                                  build/stm32f0xx_hal_gpio.o
HAL_GPIO_ReadPin                                  build/stm32f0xx_hal_gpio.o
                                                  build/SW_DP.o
                                                  build/JTAG_DP.o
                                                  build/DAP.o
HAL_GPIO_TogglePin                                build/stm32f0xx_hal_gpio.o
HAL_GPIO_WritePin                                 build/stm32f0xx_hal_gpio.o
                                                  build/SW_DP.o
                                                  build/JTAG_DP.o
                                                  build/DAP.o
HAL_GetDEVID                                      build/stm32f0xx_hal.o
HAL_GetHalVersion                                 build/stm32f0xx_hal.o
HAL_GetREVID                                      build/stm32f0xx_hal.o
HAL_GetTick                                       build/stm32f0xx_hal.o
                                                  build/stm32f0xx_hal_flash.o
                                                  build/stm32f0xx_hal_dma.o
                                                  build/stm32f0xx_hal_i2c.o
                                                  build/stm32f0xx_hal_rcc_ex.o
                                                  build/stm32f0xx_hal_rcc.o
                                                  build/stm32f0xx_hal_uart.o
HAL_GetUIDw0                                      build/stm32f0xx_hal.o
HAL_GetUIDw1                                      build/stm32f0xx_hal.o
HAL_GetUIDw2                                      build/stm32f0xx_hal.o
HAL_HalfDuplex_EnableReceiver                     build/stm32f0xx_hal_uart.o
HAL_HalfDuplex_EnableTransmitter                  build/stm32f0xx_hal_uart.o
HAL_HalfDuplex_Init                               build/stm32f0xx_hal_uart.o
HAL_I2CEx_ConfigAnalogFilter                      build/stm32f0xx_hal_i2c_ex.o
HAL_I2CEx_ConfigDigitalFilter                     build/stm32f0xx_hal_i2c_ex.o
HAL_I2CEx_DisableFastModePlus                     build/stm32f0xx_hal_i2c_ex.o
HAL_I2CEx_EnableFastModePlus                      build/stm32f0xx_hal_i2c_ex.o
HAL_I2C_AbortCpltCallback                         build/stm32f0xx_hal_i2c.o
HAL_I2C_AddrCallback                              build/stm32f0xx_hal_i2c.o
HAL_I2C_DeInit                                    build/stm32f0xx_hal_i2c.o
HAL_I2C_DisableListen_IT                          build/stm32f0xx_hal_i2c.o
HAL_I2C_ER_IRQHandler                             build/stm32f0xx_hal_i2c.o
HAL_I2C_EV_IRQHandler                             build/stm32f0xx_hal_i2c.o
HAL_I2C_EnableListen_IT                           build/stm32f0xx_hal_i2c.o
HAL_I2C_ErrorCallback                             build/stm32f0xx_hal_i2c.o
HAL_I2C_GetError                                  build/stm32f0xx_hal_i2c.o
HAL_I2C_GetMode                                   build/stm32f0xx_hal_i2c.o
HAL_I2C_GetState                                  build/stm32f0xx_hal_i2c.o
HAL_I2C_Init                                      build/stm32f0xx_hal_i2c.o
HAL_I2C_IsDeviceReady                             build/stm32f0xx_hal_i2c.o
HAL_I2C_ListenCpltCallback                        build/stm32f0xx_hal_i2c.o
HAL_I2C_MasterRxCpltCallback                      build/stm32f0xx_hal_i2c.o
HAL_I2C_MasterTxCpltCallback                      build/stm32f0xx_hal_i2c.o
HAL_I2C_Master_Abort_IT                           build/stm32f0xx_hal_i2c.o
HAL_I2C_Master_Receive                            build/stm32f0xx_hal_i2c.o
HAL_I2C_Master_Receive_DMA                        build/stm32f0xx_hal_i2c.o
HAL_I2C_Master_Receive_IT                         build/stm32f0xx_hal_i2c.o
HAL_I2C_Master_Sequential_Receive_IT              build/stm32f0xx_hal_i2c.o
HAL_I2C_Master_Sequential_Transmit_IT             build/stm32f0xx_hal_i2c.o
HAL_I2C_Master_Transmit                           build/stm32f0xx_hal_i2c.o
HAL_I2C_Master_Transmit_DMA                       build/stm32f0xx_hal_i2c.o
HAL_I2C_Master_Transmit_IT                        build/stm32f0xx_hal_i2c.o
HAL_I2C_MemRxCpltCallback                         build/stm32f0xx_hal_i2c.o
HAL_I2C_MemTxCpltCallback                         build/stm32f0xx_hal_i2c.o
HAL_I2C_Mem_Read                                  build/stm32f0xx_hal_i2c.o
HAL_I2C_Mem_Read_DMA                              build/stm32f0xx_hal_i2c.o
HAL_I2C_Mem_Read_IT                               build/stm32f0xx_hal_i2c.o
HAL_I2C_Mem_Write                                 build/stm32f0xx_hal_i2c.o
HAL_I2C_Mem_Write_DMA                             build/stm32f0xx_hal_i2c.o
HAL_I2C_Mem_Write_IT                              build/stm32f0xx_hal_i2c.o
HAL_I2C_MspDeInit                                 build/stm32f0xx_hal_i2c.o
HAL_I2C_MspInit                                   build/stm32f0xx_hal_i2c.o
HAL_I2C_SlaveRxCpltCallback                       build/stm32f0xx_hal_i2c.o
HAL_I2C_SlaveTxCpltCallback                       build/stm32f0xx_hal_i2c.o
HAL_I2C_Slave_Receive                             build/stm32f0xx_hal_i2c.o
HAL_I2C_Slave_Receive_DMA                         build/stm32f0xx_hal_i2c.o
HAL_I2C_Slave_Receive_IT                          build/stm32f0xx_hal_i2c.o
HAL_I2C_Slave_Sequential_Receive_IT               build/stm32f0xx_hal_i2c.o
HAL_I2C_Slave_Sequential_Transmit_IT              build/stm32f0xx_hal_i2c.o
HAL_I2C_Slave_Transmit                            build/stm32f0xx_hal_i2c.o
HAL_I2C_Slave_Transmit_DMA                        build/stm32f0xx_hal_i2c.o
HAL_I2C_Slave_Transmit_IT                         build/stm32f0xx_hal_i2c.o
HAL_IncTick                                       build/stm32f0xx_hal.o
                                                  build/stm32f0xx_it.o
HAL_Init                                          build/stm32f0xx_hal.o
                                                  build/main.o
HAL_InitTick                                      build/stm32f0xx_hal.o
                                                  build/stm32f0xx_hal_rcc.o
HAL_MspDeInit                                     build/stm32f0xx_hal.o
HAL_MspInit                                       build/stm32f0xx_hal_msp.o
HAL_MultiProcessorEx_AddressLength_Set            build/stm32f0xx_hal_uart_ex.o
HAL_MultiProcessor_DisableMuteMode                build/stm32f0xx_hal_uart.o
HAL_MultiProcessor_EnableMuteMode                 build/stm32f0xx_hal_uart.o
HAL_MultiProcessor_EnterMuteMode                  build/stm32f0xx_hal_uart.o
HAL_MultiProcessor_Init                           build/stm32f0xx_hal_uart.o
HAL_NVIC_ClearPendingIRQ                          build/stm32f0xx_hal_cortex.o
HAL_NVIC_DisableIRQ                               build/stm32f0xx_hal_cortex.o
                                                  build/stm32f0xx_hal_msp.o
                                                  build/usbd_conf.o
HAL_NVIC_EnableIRQ                                build/stm32f0xx_hal_cortex.o
                                                  build/stm32f0xx_hal_msp.o
                                                  build/usbd_conf.o
HAL_NVIC_GetPendingIRQ                            build/stm32f0xx_hal_cortex.o
HAL_NVIC_GetPriority                              build/stm32f0xx_hal_cortex.o
HAL_NVIC_SetPendingIRQ                            build/stm32f0xx_hal_cortex.o
HAL_NVIC_SetPriority                              build/stm32f0xx_hal_cortex.o
                                                  build/stm32f0xx_hal.o
                                                  build/stm32f0xx_hal_msp.o
                                                  build/usbd_conf.o
HAL_NVIC_SystemReset                              build/stm32f0xx_hal_cortex.o
HAL_PCDEx_PMAConfig                               build/stm32f0xx_hal_pcd_ex.o
                                                  build/usbd_conf.o
HAL_PCD_ActivateRemoteWakeup                      build/stm32f0xx_hal_pcd.o
HAL_PCD_ConnectCallback                           build/usbd_conf.o
HAL_PCD_DataInStageCallback                       build/usbd_conf.o
HAL_PCD_DataOutStageCallback                      build/usbd_conf.o
HAL_PCD_DeActivateRemoteWakeup                    build/stm32f0xx_hal_pcd.o
HAL_PCD_DeInit                                    build/stm32f0xx_hal_pcd.o
                                                  build/usbd_conf.o
HAL_PCD_DevConnect                                build/stm32f0xx_hal_pcd.o
HAL_PCD_DevDisconnect                             build/stm32f0xx_hal_pcd.o
HAL_PCD_DisconnectCallback                        build/usbd_conf.o
HAL_PCD_EP_Close                                  build/stm32f0xx_hal_pcd.o
                                                  build/usbd_conf.o
HAL_PCD_EP_ClrStall                               build/stm32f0xx_hal_pcd.o
                                                  build/usbd_conf.o
HAL_PCD_EP_Flush                                  build/stm32f0xx_hal_pcd.o
                                                  build/usbd_conf.o
HAL_PCD_EP_GetRxCount                             build/stm32f0xx_hal_pcd.o
                                                  build/usbd_conf.o
HAL_PCD_EP_Open                                   build/stm32f0xx_hal_pcd.o
                                                  build/usbd_conf.o
HAL_PCD_EP_Receive                                build/stm32f0xx_hal_pcd.o
                                                  build/usbd_conf.o
HAL_PCD_EP_SetStall                               build/stm32f0xx_hal_pcd.o
                                                  build/usbd_conf.o
HAL_PCD_EP_Transmit                               build/stm32f0xx_hal_pcd.o
                                                  build/usbd_conf.o
HAL_PCD_GetState                                  build/stm32f0xx_hal_pcd.o
HAL_PCD_IRQHandler                                build/stm32f0xx_hal_pcd.o
                                                  build/stm32f0xx_it.o
HAL_PCD_ISOINIncompleteCallback                   build/usbd_conf.o
HAL_PCD_ISOOUTIncompleteCallback                  build/usbd_conf.o
HAL_PCD_Init                                      build/stm32f0xx_hal_pcd.o
                                                  build/usbd_conf.o
HAL_PCD_MspDeInit                                 build/usbd_conf.o
HAL_PCD_MspInit                                   build/usbd_conf.o
HAL_PCD_ResetCallback                             build/usbd_conf.o
HAL_PCD_ResumeCallback                            build/usbd_conf.o
HAL_PCD_SOFCallback                               build/usbd_conf.o
HAL_PCD_SetAddress                                build/stm32f0xx_hal_pcd.o
                                                  build/usbd_conf.o
HAL_PCD_SetupStageCallback                        build/usbd_conf.o
HAL_PCD_Start                                     build/stm32f0xx_hal_pcd.o
                                                  build/usbd_conf.o
HAL_PCD_Stop                                      build/stm32f0xx_hal_pcd.o
                                                  build/usbd_conf.o
HAL_PCD_SuspendCallback                           build/usbd_conf.o
HAL_PWR_DeInit                                    build/stm32f0xx_hal_pwr.o
HAL_PWR_DisableBkUpAccess                         build/stm32f0xx_hal_pwr.o
HAL_PWR_DisableSEVOnPend                          build/stm32f0xx_hal_pwr.o
HAL_PWR_DisableSleepOnExit                        build/stm32f0xx_hal_pwr.o
HAL_PWR_DisableWakeUpPin                          build/stm32f0xx_hal_pwr.o
HAL_PWR_EnableBkUpAccess                          build/stm32f0xx_hal_pwr.o
HAL_PWR_EnableSEVOnPend                           build/stm32f0xx_hal_pwr.o
HAL_PWR_EnableSleepOnExit                         build/stm32f0xx_hal_pwr.o
HAL_PWR_EnableWakeUpPin                           build/stm32f0xx_hal_pwr.o
HAL_PWR_EnterSLEEPMode                            build/stm32f0xx_hal_pwr.o
HAL_PWR_EnterSTANDBYMode                          build/stm32f0xx_hal_pwr.o
HAL_PWR_EnterSTOPMode                             build/stm32f0xx_hal_pwr.o
HAL_RCCEx_GetPeriphCLKConfig                      build/stm32f0xx_hal_rcc_ex.o
HAL_RCCEx_GetPeriphCLKFreq                        build/stm32f0xx_hal_rcc_ex.o
HAL_RCCEx_PeriphCLKConfig                         build/stm32f0xx_hal_rcc_ex.o
                                                  build/main.o
HAL_RCC_CSSCallback                               build/stm32f0xx_hal_rcc.o
HAL_RCC_ClockConfig                               build/stm32f0xx_hal_rcc.o
                                                  build/main.o
HAL_RCC_DeInit                                    build/stm32f0xx_hal_rcc.o
HAL_RCC_DisableCSS                                build/stm32f0xx_hal_rcc.o
HAL_RCC_EnableCSS                                 build/stm32f0xx_hal_rcc.o
                                                  build/main.o
HAL_RCC_GetClockConfig                            build/stm32f0xx_hal_rcc.o
HAL_RCC_GetHCLKFreq                               build/stm32f0xx_hal_rcc.o
                                                  build/stm32f0xx_hal.o
HAL_RCC_GetOscConfig                              build/stm32f0xx_hal_rcc.o
HAL_RCC_GetPCLK1Freq                              build/stm32f0xx_hal_rcc.o
                                                  build/stm32f0xx_hal_rcc_ex.o
                                                  build/stm32f0xx_hal_uart.o
HAL_RCC_GetSysClockFreq                           build/stm32f0xx_hal_rcc.o
                                                  build/stm32f0xx_hal_rcc_ex.o
                                                  build/stm32f0xx_hal_uart.o
HAL_RCC_MCOConfig                                 build/stm32f0xx_hal_rcc.o
HAL_RCC_NMI_IRQHandler                            build/stm32f0xx_hal_rcc.o
HAL_RCC_OscConfig                                 build/stm32f0xx_hal_rcc.o
                                                  build/main.o
HAL_RS485Ex_Init                                  build/stm32f0xx_hal_uart_ex.o
HAL_ResumeTick                                    build/stm32f0xx_hal.o
HAL_SYSTICK_CLKSourceConfig                       build/stm32f0xx_hal_cortex.o
HAL_SYSTICK_Callback                              build/stm32f0xx_hal_cortex.o
HAL_SYSTICK_Config                                build/stm32f0xx_hal_cortex.o
                                                  build/stm32f0xx_hal.o
HAL_SYSTICK_IRQHandler                            build/stm32f0xx_hal_cortex.o
HAL_SuspendTick                                   build/stm32f0xx_hal.o
HAL_TIMEx_BreakCallback                           build/stm32f0xx_hal_tim_ex.o
                                                  build/stm32f0xx_hal_tim.o
HAL_TIMEx_CommutationCallback                     build/stm32f0xx_hal_tim_ex.o
                                                  build/stm32f0xx_hal_tim.o
HAL_TIMEx_ConfigBreakDeadTime                     build/stm32f0xx_hal_tim_ex.o
HAL_TIMEx_ConfigCommutationEvent                  build/stm32f0xx_hal_tim_ex.o
HAL_TIMEx_ConfigCommutationEvent_DMA              build/stm32f0xx_hal_tim_ex.o
HAL_TIMEx_ConfigCommutationEvent_IT               build/stm32f0xx_hal_tim_ex.o
HAL_TIMEx_HallSensor_DeInit                       build/stm32f0xx_hal_tim_ex.o
HAL_TIMEx_HallSensor_GetState                     build/stm32f0xx_hal_tim_ex.o
HAL_TIMEx_HallSensor_Init                         build/stm32f0xx_hal_tim_ex.o
HAL_TIMEx_HallSensor_MspDeInit                    build/stm32f0xx_hal_tim_ex.o
HAL_TIMEx_HallSensor_MspInit                      build/stm32f0xx_hal_tim_ex.o
HAL_TIMEx_HallSensor_Start                        build/stm32f0xx_hal_tim_ex.o
HAL_TIMEx_HallSensor_Start_DMA                    build/stm32f0xx_hal_tim_ex.o
HAL_TIMEx_HallSensor_Start_IT                     build/stm32f0xx_hal_tim_ex.o
HAL_TIMEx_HallSensor_Stop                         build/stm32f0xx_hal_tim_ex.o
HAL_TIMEx_HallSensor_Stop_DMA                     build/stm32f0xx_hal_tim_ex.o
HAL_TIMEx_HallSensor_Stop_IT                      build/stm32f0xx_hal_tim_ex.o
HAL_TIMEx_MasterConfigSynchronization             build/stm32f0xx_hal_tim_ex.o
                                                  build/main.o
HAL_TIMEx_OCN_Start                               build/stm32f0xx_hal_tim_ex.o
HAL_TIMEx_OCN_Start_DMA                           build/stm32f0xx_hal_tim_ex.o
HAL_TIMEx_OCN_Start_IT                            build/stm32f0xx_hal_tim_ex.o
HAL_TIMEx_OCN_Stop                                build/stm32f0xx_hal_tim_ex.o
HAL_TIMEx_OCN_Stop_DMA                            build/stm32f0xx_hal_tim_ex.o
HAL_TIMEx_OCN_Stop_IT                             build/stm32f0xx_hal_tim_ex.o
HAL_TIMEx_OnePulseN_Start                         build/stm32f0xx_hal_tim_ex.o
HAL_TIMEx_OnePulseN_Start_IT                      build/stm32f0xx_hal_tim_ex.o
HAL_TIMEx_OnePulseN_Stop                          build/stm32f0xx_hal_tim_ex.o
HAL_TIMEx_OnePulseN_Stop_IT                       build/stm32f0xx_hal_tim_ex.o
HAL_TIMEx_PWMN_Start                              build/stm32f0xx_hal_tim_ex.o
HAL_TIMEx_PWMN_Start_DMA                          build/stm32f0xx_hal_tim_ex.o
HAL_TIMEx_PWMN_Start_IT                           build/stm32f0xx_hal_tim_ex.o
HAL_TIMEx_PWMN_Stop                               build/stm32f0xx_hal_tim_ex.o
HAL_TIMEx_PWMN_Stop_DMA                           build/stm32f0xx_hal_tim_ex.o
HAL_TIMEx_PWMN_Stop_IT                            build/stm32f0xx_hal_tim_ex.o
HAL_TIMEx_RemapConfig                             build/stm32f0xx_hal_tim_ex.o
HAL_TIM_Base_DeInit                               build/stm32f0xx_hal_tim.o
HAL_TIM_Base_GetState                             build/stm32f0xx_hal_tim.o
HAL_TIM_Base_Init                                 build/stm32f0xx_hal_tim.o
                                                  build/main.o
HAL_TIM_Base_MspDeInit                            build/stm32f0xx_hal_tim.o
HAL_TIM_Base_MspInit                              build/stm32f0xx_hal_msp.o
HAL_TIM_Base_Start                                build/stm32f0xx_hal_tim.o
                                                  build/main.o
HAL_TIM_Base_Start_DMA                            build/stm32f0xx_hal_tim.o
HAL_TIM_Base_Start_IT                             build/stm32f0xx_hal_tim.o
HAL_TIM_Base_Stop                                 build/stm32f0xx_hal_tim.o
HAL_TIM_Base_Stop_DMA                             build/stm32f0xx_hal_tim.o
HAL_TIM_Base_Stop_IT                              build/stm32f0xx_hal_tim.o
HAL_TIM_ConfigClockSource                         build/stm32f0xx_hal_tim.o
HAL_TIM_ConfigOCrefClear                          build/stm32f0xx_hal_tim.o
HAL_TIM_ConfigTI1Input                            build/stm32f0xx_hal_tim.o
HAL_TIM_DMABurst_MultiReadStart                   build/stm32f0xx_hal_tim.o
HAL_TIM_DMABurst_MultiWriteStart                  build/stm32f0xx_hal_tim.o
HAL_TIM_DMABurst_ReadStart                        build/stm32f0xx_hal_tim.o
HAL_TIM_DMABurst_ReadStop                         build/stm32f0xx_hal_tim.o
HAL_TIM_DMABurst_WriteStart                       build/stm32f0xx_hal_tim.o
HAL_TIM_DMABurst_WriteStop                        build/stm32f0xx_hal_tim.o
HAL_TIM_Encoder_DeInit                            build/stm32f0xx_hal_tim.o
HAL_TIM_Encoder_GetState                          build/stm32f0xx_hal_tim.o
HAL_TIM_Encoder_Init                              build/stm32f0xx_hal_tim.o
HAL_TIM_Encoder_MspDeInit                         build/stm32f0xx_hal_tim.o
HAL_TIM_Encoder_MspInit                           build/stm32f0xx_hal_tim.o
HAL_TIM_Encoder_Start                             build/stm32f0xx_hal_tim.o
HAL_TIM_Encoder_Start_DMA                         build/stm32f0xx_hal_tim.o
HAL_TIM_Encoder_Start_IT                          build/stm32f0xx_hal_tim.o
HAL_TIM_Encoder_Stop                              build/stm32f0xx_hal_tim.o
HAL_TIM_Encoder_Stop_DMA                          build/stm32f0xx_hal_tim.o
HAL_TIM_Encoder_Stop_IT                           build/stm32f0xx_hal_tim.o
HAL_TIM_ErrorCallback                             build/stm32f0xx_hal_tim.o
HAL_TIM_GenerateEvent                             build/stm32f0xx_hal_tim.o
HAL_TIM_IC_CaptureCallback                        build/stm32f0xx_hal_tim.o
HAL_TIM_IC_ConfigChannel                          build/stm32f0xx_hal_tim.o
HAL_TIM_IC_DeInit                                 build/stm32f0xx_hal_tim.o
HAL_TIM_IC_GetState                               build/stm32f0xx_hal_tim.o
HAL_TIM_IC_Init                                   build/stm32f0xx_hal_tim.o
HAL_TIM_IC_MspDeInit                              build/stm32f0xx_hal_tim.o
HAL_TIM_IC_MspInit                                build/stm32f0xx_hal_tim.o
HAL_TIM_IC_Start                                  build/stm32f0xx_hal_tim.o
HAL_TIM_IC_Start_DMA                              build/stm32f0xx_hal_tim.o
HAL_TIM_IC_Start_IT                               build/stm32f0xx_hal_tim.o
HAL_TIM_IC_Stop                                   build/stm32f0xx_hal_tim.o
HAL_TIM_IC_Stop_DMA                               build/stm32f0xx_hal_tim.o
HAL_TIM_IC_Stop_IT                                build/stm32f0xx_hal_tim.o
HAL_TIM_IRQHandler                                build/stm32f0xx_hal_tim.o
HAL_TIM_OC_ConfigChannel                          build/stm32f0xx_hal_tim.o
HAL_TIM_OC_DeInit                                 build/stm32f0xx_hal_tim.o
HAL_TIM_OC_DelayElapsedCallback                   build/stm32f0xx_hal_tim.o
HAL_TIM_OC_GetState                               build/stm32f0xx_hal_tim.o
HAL_TIM_OC_Init                                   build/stm32f0xx_hal_tim.o
HAL_TIM_OC_MspDeInit                              build/stm32f0xx_hal_tim.o
HAL_TIM_OC_MspInit                                build/stm32f0xx_hal_tim.o
HAL_TIM_OC_Start                                  build/stm32f0xx_hal_tim.o
HAL_TIM_OC_Start_DMA                              build/stm32f0xx_hal_tim.o
HAL_TIM_OC_Start_IT                               build/stm32f0xx_hal_tim.o
HAL_TIM_OC_Stop                                   build/stm32f0xx_hal_tim.o
HAL_TIM_OC_Stop_DMA                               build/stm32f0xx_hal_tim.o
HAL_TIM_OC_Stop_IT                                build/stm32f0xx_hal_tim.o
HAL_TIM_OnePulse_ConfigChannel                    build/stm32f0xx_hal_tim.o
HAL_TIM_OnePulse_DeInit                           build/stm32f0xx_hal_tim.o
HAL_TIM_OnePulse_GetState                         build/stm32f0xx_hal_tim.o
HAL_TIM_OnePulse_Init                             build/stm32f0xx_hal_tim.o
HAL_TIM_OnePulse_MspDeInit                        build/stm32f0xx_hal_tim.o
HAL_TIM_OnePulse_MspInit                          build/stm32f0xx_hal_tim.o
HAL_TIM_OnePulse_Start                            build/stm32f0xx_hal_tim.o
HAL_TIM_OnePulse_Start_IT                         build/stm32f0xx_hal_tim.o
HAL_TIM_OnePulse_Stop                             build/stm32f0xx_hal_tim.o
HAL_TIM_OnePulse_Stop_IT                          build/stm32f0xx_hal_tim.o
HAL_TIM_PWM_ConfigChannel                         build/stm32f0xx_hal_tim.o
HAL_TIM_PWM_DeInit                                build/stm32f0xx_hal_tim.o
HAL_TIM_PWM_GetState                              build/stm32f0xx_hal_tim.o
HAL_TIM_PWM_Init                                  build/stm32f0xx_hal_tim.o
HAL_TIM_PWM_MspDeInit                             build/stm32f0xx_hal_tim.o
HAL_TIM_PWM_MspInit                               build/stm32f0xx_hal_tim.o
HAL_TIM_PWM_PulseFinishedCallback                 build/stm32f0xx_hal_tim.o
HAL_TIM_PWM_Start                                 build/stm32f0xx_hal_tim.o
HAL_TIM_PWM_Start_DMA                             build/stm32f0xx_hal_tim.o
HAL_TIM_PWM_Start_IT                              build/stm32f0xx_hal_tim.o
HAL_TIM_PWM_Stop                                  build/stm32f0xx_hal_tim.o
HAL_TIM_PWM_Stop_DMA                              build/stm32f0xx_hal_tim.o
HAL_TIM_PWM_Stop_IT                               build/stm32f0xx_hal_tim.o
HAL_TIM_PeriodElapsedCallback                     build/stm32f0xx_hal_tim.o
HAL_TIM_ReadCapturedValue                         build/stm32f0xx_hal_tim.o
HAL_TIM_SlaveConfigSynchronization                build/stm32f0xx_hal_tim.o
                                                  build/main.o
HAL_TIM_SlaveConfigSynchronization_IT             build/stm32f0xx_hal_tim.o
HAL_TIM_TriggerCallback                           build/stm32f0xx_hal_tim.o
HAL_UART_Abort                                    build/stm32f0xx_hal_uart.o
HAL_UART_AbortCpltCallback                        build/stm32f0xx_hal_uart.o
HAL_UART_AbortReceive                             build/stm32f0xx_hal_uart.o
                                                  build/CMSIS_Driver_USART.o
HAL_UART_AbortReceiveCpltCallback                 build/stm32f0xx_hal_uart.o
HAL_UART_AbortReceive_IT                          build/stm32f0xx_hal_uart.o
HAL_UART_AbortTransmit                            build/stm32f0xx_hal_uart.o
HAL_UART_AbortTransmitCpltCallback                build/stm32f0xx_hal_uart.o
HAL_UART_AbortTransmit_IT                         build/stm32f0xx_hal_uart.o
HAL_UART_Abort_IT                                 build/stm32f0xx_hal_uart.o
HAL_UART_DMAPause                                 build/stm32f0xx_hal_uart.o
HAL_UART_DMAResume                                build/stm32f0xx_hal_uart.o
HAL_UART_DMAStop                                  build/stm32f0xx_hal_uart.o
HAL_UART_DeInit                                   build/stm32f0xx_hal_uart.o
                                                  build/CMSIS_Driver_USART.o
HAL_UART_ErrorCallback                            build/CMSIS_Driver_USART.o
HAL_UART_GetError                                 build/stm32f0xx_hal_uart.o
HAL_UART_GetState                                 build/stm32f0xx_hal_uart.o
                                                  build/CMSIS_Driver_USART.o
HAL_UART_IRQHandler                               build/stm32f0xx_hal_uart.o
                                                  build/stm32f0xx_it.o
HAL_UART_Init                                     build/stm32f0xx_hal_uart.o
                                                  build/CMSIS_Driver_USART.o
HAL_UART_MspDeInit                                build/stm32f0xx_hal_msp.o
HAL_UART_MspInit                                  build/stm32f0xx_hal_msp.o
                                                  build/stm32f0xx_hal_uart_ex.o
HAL_UART_Receive                                  build/stm32f0xx_hal_uart.o
HAL_UART_Receive_DMA                              build/stm32f0xx_hal_uart.o
HAL_UART_Receive_IT                               build/stm32f0xx_hal_uart.o
                                                  build/CMSIS_Driver_USART.o
HAL_UART_RxCpltCallback                           build/CMSIS_Driver_USART.o
HAL_UART_RxHalfCpltCallback                       build/stm32f0xx_hal_uart.o
HAL_UART_Transmit                                 build/stm32f0xx_hal_uart.o
HAL_UART_Transmit_DMA                             build/stm32f0xx_hal_uart.o
HAL_UART_Transmit_IT                              build/stm32f0xx_hal_uart.o
HAL_UART_TxCpltCallback                           build/stm32f0xx_hal_uart.o
HAL_UART_TxHalfCpltCallback                       build/stm32f0xx_hal_uart.o
HardFault_Handler                                 build/stm32f0xx_it.o
I2C1_IRQHandler                                   build/startup_stm32f070x6.o
JTAG_IR                                           build/JTAG_DP.o
                                                  build/DAP.o
JTAG_ReadIDCode                                   build/JTAG_DP.o
                                                  build/DAP.o
JTAG_Sequence                                     build/JTAG_DP.o
                                                  build/DAP.o
JTAG_Transfer                                     build/JTAG_DP.o
                                                  build/DAP.o
JTAG_WriteAbort                                   build/JTAG_DP.o
                                                  build/DAP.o
MX_USB_DEVICE_Init                                build/usb_device.o
                                                  build/main.o
NMI_Handler                                       build/stm32f0xx_it.o
PCD_ReadPMA                                       build/stm32f0xx_hal_pcd.o
PCD_WritePMA                                      build/stm32f0xx_hal_pcd.o
PendSV_Handler                                    build/stm32f0xx_it.o
RCC_IRQHandler                                    build/startup_stm32f070x6.o
RTC_IRQHandler                                    build/startup_stm32f070x6.o
RequestPendingCount                               build/main.o
                                                  build/usbd_custom_hid_if.o
Reset_Handler                                     build/startup_stm32f070x6.o
SPI1_IRQHandler                                   build/startup_stm32f070x6.o
SVC_Handler                                       build/stm32f0xx_it.o
SWD_Sequence                                      build/SW_DP.o
                                                  build/DAP.o
SWD_Transfer                                      build/SW_DP.o
                                                  build/DAP.o
SWJ_Sequence                                      build/SW_DP.o
                                                  build/DAP.o
SWO_Baudrate                                      build/SWO.o
                                                  build/DAP.o
SWO_Control                                       build/SWO.o
                                                  build/DAP.o
SWO_Data                                          build/SWO.o
                                                  build/DAP.o
SWO_ExtendedStatus                                build/SWO.o
                                                  build/DAP.o
SWO_Mode                                          build/SWO.o
                                                  build/DAP.o
SWO_Status                                        build/SWO.o
                                                  build/DAP.o
SWO_Transport                                     build/SWO.o
                                                  build/DAP.o
SysTick_Handler                                   build/stm32f0xx_it.o